  Determining projects to restore...
  All projects are up-to-date for restore.
  B2B_V2.Domain -> D:\SourceCode\Anti-g\B2B_V2\B2B_V2.Domain\bin\Debug\net9.0\B2B_V2.Domain.dll
  B2B_V2.Application -> D:\SourceCode\Anti-g\B2B_V2\B2B_V2.Application\bin\Debug\net9.0\B2B_V2.Application.dll
  B2B_V2.Infrastructure -> D:\SourceCode\Anti-g\B2B_V2\B2B_V2.Infrastructure\bin\Debug\net9.0\B2B_V2.Infrastructure.dll
C:\Program Files\dotnet\sdk\9.0.306\Microsoft.Common.CurrentVersion.targets(5093,5): warning MSB3026: Could not copy "D:\SourceCode\Anti-g\B2B_V2\B2B_V2.Application\bin\Debug\net9.0\B2B_V2.Application.dll" to "bin\Debug\net9.0\B2B_V2.Application.dll". Beginning retry 1 in 1000ms. The process cannot access the file 'D:\SourceCode\Anti-g\B2B_V2\B2B_V2.WebApi\bin\Debug\net9.0\B2B_V2.Application.dll' because it is being used by another process. The file is locked by: "B2B_V2.WebApi (125828)" [D:\SourceCode\Anti-g\B2B_V2\B2B_V2.WebApi\B2B_V2.WebApi.csproj]
C:\Program Files\dotnet\sdk\9.0.306\Microsoft.Common.CurrentVersion.targets(5093,5): warning MSB3026: Could not copy "D:\SourceCode\Anti-g\B2B_V2\B2B_V2.Infrastructure\bin\Debug\net9.0\B2B_V2.Infrastructure.dll" to "bin\Debug\net9.0\B2B_V2.Infrastructure.dll". Beginning retry 1 in 1000ms. The process cannot access the file 'D:\SourceCode\Anti-g\B2B_V2\B2B_V2.WebApi\bin\Debug\net9.0\B2B_V2.Infrastructure.dll' because it is being used by another process. The file is locked by: "B2B_V2.WebApi (125828)" [D:\SourceCode\Anti-g\B2B_V2\B2B_V2.WebApi\B2B_V2.WebApi.csproj]
C:\Program Files\dotnet\sdk\9.0.306\Microsoft.Common.CurrentVersion.targets(5093,5): warning MSB3026: Could not copy "D:\SourceCode\Anti-g\B2B_V2\B2B_V2.Domain\bin\Debug\net9.0\B2B_V2.Domain.dll" to "bin\Debug\net9.0\B2B_V2.Domain.dll". Beginning retry 1 in 1000ms. The process cannot access the file 'D:\SourceCode\Anti-g\B2B_V2\B2B_V2.WebApi\bin\Debug\net9.0\B2B_V2.Domain.dll' because it is being used by another process. The file is locked by: "B2B_V2.WebApi (125828)" [D:\SourceCode\Anti-g\B2B_V2\B2B_V2.WebApi\B2B_V2.WebApi.csproj]
C:\Program Files\dotnet\sdk\9.0.306\Microsoft.Common.CurrentVersion.targets(5093,5): warning MSB3026: Could not copy "D:\SourceCode\Anti-g\B2B_V2\B2B_V2.Application\bin\Debug\net9.0\B2B_V2.Application.dll" to "bin\Debug\net9.0\B2B_V2.Application.dll". Beginning retry 2 in 1000ms. The process cannot access the file 'D:\SourceCode\Anti-g\B2B_V2\B2B_V2.WebApi\bin\Debug\net9.0\B2B_V2.Application.dll' because it is being used by another process. The file is locked by: "B2B_V2.WebApi (125828)" [D:\SourceCode\Anti-g\B2B_V2\B2B_V2.WebApi\B2B_V2.WebApi.csproj]
C:\Program Files\dotnet\sdk\9.0.306\Microsoft.Common.CurrentVersion.targets(5093,5): warning MSB3026: Could not copy "D:\SourceCode\Anti-g\B2B_V2\B2B_V2.Infrastructure\bin\Debug\net9.0\B2B_V2.Infrastructure.dll" to "bin\Debug\net9.0\B2B_V2.Infrastructure.dll". Beginning retry 2 in 1000ms. The process cannot access the file 'D:\SourceCode\Anti-g\B2B_V2\B2B_V2.WebApi\bin\Debug\net9.0\B2B_V2.Infrastructure.dll' because it is being used by another process. The file is locked by: "B2B_V2.WebApi (125828)" [D:\SourceCode\Anti-g\B2B_V2\B2B_V2.WebApi\B2B_V2.WebApi.csproj]
C:\Program Files\dotnet\sdk\9.0.306\Microsoft.Common.CurrentVersion.targets(5093,5): warning MSB3026: Could not copy "D:\SourceCode\Anti-g\B2B_V2\B2B_V2.Domain\bin\Debug\net9.0\B2B_V2.Domain.dll" to "bin\Debug\net9.0\B2B_V2.Domain.dll". Beginning retry 2 in 1000ms. The process cannot access the file 'D:\SourceCode\Anti-g\B2B_V2\B2B_V2.WebApi\bin\Debug\net9.0\B2B_V2.Domain.dll' because it is being used by another process. The file is locked by: "B2B_V2.WebApi (125828)" [D:\SourceCode\Anti-g\B2B_V2\B2B_V2.WebApi\B2B_V2.WebApi.csproj]
C:\Program Files\dotnet\sdk\9.0.306\Microsoft.Common.CurrentVersion.targets(5093,5): warning MSB3026: Could not copy "D:\SourceCode\Anti-g\B2B_V2\B2B_V2.Application\bin\Debug\net9.0\B2B_V2.Application.dll" to "bin\Debug\net9.0\B2B_V2.Application.dll". Beginning retry 3 in 1000ms. The process cannot access the file 'D:\SourceCode\Anti-g\B2B_V2\B2B_V2.WebApi\bin\Debug\net9.0\B2B_V2.Application.dll' because it is being used by another process. The file is locked by: "B2B_V2.WebApi (125828)" [D:\SourceCode\Anti-g\B2B_V2\B2B_V2.WebApi\B2B_V2.WebApi.csproj]
C:\Program Files\dotnet\sdk\9.0.306\Microsoft.Common.CurrentVersion.targets(5093,5): warning MSB3026: Could not copy "D:\SourceCode\Anti-g\B2B_V2\B2B_V2.Infrastructure\bin\Debug\net9.0\B2B_V2.Infrastructure.dll" to "bin\Debug\net9.0\B2B_V2.Infrastructure.dll". Beginning retry 3 in 1000ms. The process cannot access the file 'D:\SourceCode\Anti-g\B2B_V2\B2B_V2.WebApi\bin\Debug\net9.0\B2B_V2.Infrastructure.dll' because it is being used by another process. The file is locked by: "B2B_V2.WebApi (125828)" [D:\SourceCode\Anti-g\B2B_V2\B2B_V2.WebApi\B2B_V2.WebApi.csproj]
C:\Program Files\dotnet\sdk\9.0.306\Microsoft.Common.CurrentVersion.targets(5093,5): warning MSB3026: Could not copy "D:\SourceCode\Anti-g\B2B_V2\B2B_V2.Domain\bin\Debug\net9.0\B2B_V2.Domain.dll" to "bin\Debug\net9.0\B2B_V2.Domain.dll". Beginning retry 3 in 1000ms. The process cannot access the file 'D:\SourceCode\Anti-g\B2B_V2\B2B_V2.WebApi\bin\Debug\net9.0\B2B_V2.Domain.dll' because it is being used by another process. The file is locked by: "B2B_V2.WebApi (125828)" [D:\SourceCode\Anti-g\B2B_V2\B2B_V2.WebApi\B2B_V2.WebApi.csproj]
C:\Program Files\dotnet\sdk\9.0.306\Microsoft.Common.CurrentVersion.targets(5093,5): warning MSB3026: Could not copy "D:\SourceCode\Anti-g\B2B_V2\B2B_V2.Application\bin\Debug\net9.0\B2B_V2.Application.dll" to "bin\Debug\net9.0\B2B_V2.Application.dll". Beginning retry 4 in 1000ms. The process cannot access the file 'D:\SourceCode\Anti-g\B2B_V2\B2B_V2.WebApi\bin\Debug\net9.0\B2B_V2.Application.dll' because it is being used by another process. The file is locked by: "B2B_V2.WebApi (125828)" [D:\SourceCode\Anti-g\B2B_V2\B2B_V2.WebApi\B2B_V2.WebApi.csproj]
C:\Program Files\dotnet\sdk\9.0.306\Microsoft.Common.CurrentVersion.targets(5093,5): warning MSB3026: Could not copy "D:\SourceCode\Anti-g\B2B_V2\B2B_V2.Domain\bin\Debug\net9.0\B2B_V2.Domain.dll" to "bin\Debug\net9.0\B2B_V2.Domain.dll". Beginning retry 4 in 1000ms. The process cannot access the file 'D:\SourceCode\Anti-g\B2B_V2\B2B_V2.WebApi\bin\Debug\net9.0\B2B_V2.Domain.dll' because it is being used by another process. The file is locked by: "B2B_V2.WebApi (125828)" [D:\SourceCode\Anti-g\B2B_V2\B2B_V2.WebApi\B2B_V2.WebApi.csproj]
C:\Program Files\dotnet\sdk\9.0.306\Microsoft.Common.CurrentVersion.targets(5093,5): warning MSB3026: Could not copy "D:\SourceCode\Anti-g\B2B_V2\B2B_V2.Infrastructure\bin\Debug\net9.0\B2B_V2.Infrastructure.dll" to "bin\Debug\net9.0\B2B_V2.Infrastructure.dll". Beginning retry 4 in 1000ms. The process cannot access the file 'D:\SourceCode\Anti-g\B2B_V2\B2B_V2.WebApi\bin\Debug\net9.0\B2B_V2.Infrastructure.dll' because it is being used by another process. The file is locked by: "B2B_V2.WebApi (125828)" [D:\SourceCode\Anti-g\B2B_V2\B2B_V2.WebApi\B2B_V2.WebApi.csproj]
C:\Program Files\dotnet\sdk\9.0.306\Microsoft.Common.CurrentVersion.targets(5093,5): warning MSB3026: Could not copy "D:\SourceCode\Anti-g\B2B_V2\B2B_V2.Application\bin\Debug\net9.0\B2B_V2.Application.dll" to "bin\Debug\net9.0\B2B_V2.Application.dll". Beginning retry 5 in 1000ms. The process cannot access the file 'D:\SourceCode\Anti-g\B2B_V2\B2B_V2.WebApi\bin\Debug\net9.0\B2B_V2.Application.dll' because it is being used by another process. The file is locked by: "B2B_V2.WebApi (125828)" [D:\SourceCode\Anti-g\B2B_V2\B2B_V2.WebApi\B2B_V2.WebApi.csproj]
C:\Program Files\dotnet\sdk\9.0.306\Microsoft.Common.CurrentVersion.targets(5093,5): warning MSB3026: Could not copy "D:\SourceCode\Anti-g\B2B_V2\B2B_V2.Infrastructure\bin\Debug\net9.0\B2B_V2.Infrastructure.dll" to "bin\Debug\net9.0\B2B_V2.Infrastructure.dll". Beginning retry 5 in 1000ms. The process cannot access the file 'D:\SourceCode\Anti-g\B2B_V2\B2B_V2.WebApi\bin\Debug\net9.0\B2B_V2.Infrastructure.dll' because it is being used by another process. The file is locked by: "B2B_V2.WebApi (125828)" [D:\SourceCode\Anti-g\B2B_V2\B2B_V2.WebApi\B2B_V2.WebApi.csproj]
C:\Program Files\dotnet\sdk\9.0.306\Microsoft.Common.CurrentVersion.targets(5093,5): warning MSB3026: Could not copy "D:\SourceCode\Anti-g\B2B_V2\B2B_V2.Domain\bin\Debug\net9.0\B2B_V2.Domain.dll" to "bin\Debug\net9.0\B2B_V2.Domain.dll". Beginning retry 5 in 1000ms. The process cannot access the file 'D:\SourceCode\Anti-g\B2B_V2\B2B_V2.WebApi\bin\Debug\net9.0\B2B_V2.Domain.dll' because it is being used by another process. The file is locked by: "B2B_V2.WebApi (125828)" [D:\SourceCode\Anti-g\B2B_V2\B2B_V2.WebApi\B2B_V2.WebApi.csproj]
C:\Program Files\dotnet\sdk\9.0.306\Microsoft.Common.CurrentVersion.targets(5093,5): warning MSB3026: Could not copy "D:\SourceCode\Anti-g\B2B_V2\B2B_V2.Application\bin\Debug\net9.0\B2B_V2.Application.dll" to "bin\Debug\net9.0\B2B_V2.Application.dll". Beginning retry 6 in 1000ms. The process cannot access the file 'D:\SourceCode\Anti-g\B2B_V2\B2B_V2.WebApi\bin\Debug\net9.0\B2B_V2.Application.dll' because it is being used by another process. The file is locked by: "B2B_V2.WebApi (125828)" [D:\SourceCode\Anti-g\B2B_V2\B2B_V2.WebApi\B2B_V2.WebApi.csproj]
C:\Program Files\dotnet\sdk\9.0.306\Microsoft.Common.CurrentVersion.targets(5093,5): warning MSB3026: Could not copy "D:\SourceCode\Anti-g\B2B_V2\B2B_V2.Domain\bin\Debug\net9.0\B2B_V2.Domain.dll" to "bin\Debug\net9.0\B2B_V2.Domain.dll". Beginning retry 6 in 1000ms. The process cannot access the file 'D:\SourceCode\Anti-g\B2B_V2\B2B_V2.WebApi\bin\Debug\net9.0\B2B_V2.Domain.dll' because it is being used by another process. The file is locked by: "B2B_V2.WebApi (125828)" [D:\SourceCode\Anti-g\B2B_V2\B2B_V2.WebApi\B2B_V2.WebApi.csproj]
C:\Program Files\dotnet\sdk\9.0.306\Microsoft.Common.CurrentVersion.targets(5093,5): warning MSB3026: Could not copy "D:\SourceCode\Anti-g\B2B_V2\B2B_V2.Infrastructure\bin\Debug\net9.0\B2B_V2.Infrastructure.dll" to "bin\Debug\net9.0\B2B_V2.Infrastructure.dll". Beginning retry 6 in 1000ms. The process cannot access the file 'D:\SourceCode\Anti-g\B2B_V2\B2B_V2.WebApi\bin\Debug\net9.0\B2B_V2.Infrastructure.dll' because it is being used by another process. The file is locked by: "B2B_V2.WebApi (125828)" [D:\SourceCode\Anti-g\B2B_V2\B2B_V2.WebApi\B2B_V2.WebApi.csproj]
C:\Program Files\dotnet\sdk\9.0.306\Microsoft.Common.CurrentVersion.targets(5093,5): warning MSB3026: Could not copy "D:\SourceCode\Anti-g\B2B_V2\B2B_V2.Application\bin\Debug\net9.0\B2B_V2.Application.dll" to "bin\Debug\net9.0\B2B_V2.Application.dll". Beginning retry 7 in 1000ms. The process cannot access the file 'D:\SourceCode\Anti-g\B2B_V2\B2B_V2.WebApi\bin\Debug\net9.0\B2B_V2.Application.dll' because it is being used by another process. The file is locked by: "B2B_V2.WebApi (125828)" [D:\SourceCode\Anti-g\B2B_V2\B2B_V2.WebApi\B2B_V2.WebApi.csproj]
C:\Program Files\dotnet\sdk\9.0.306\Microsoft.Common.CurrentVersion.targets(5093,5): warning MSB3026: Could not copy "D:\SourceCode\Anti-g\B2B_V2\B2B_V2.Infrastructure\bin\Debug\net9.0\B2B_V2.Infrastructure.dll" to "bin\Debug\net9.0\B2B_V2.Infrastructure.dll". Beginning retry 7 in 1000ms. The process cannot access the file 'D:\SourceCode\Anti-g\B2B_V2\B2B_V2.WebApi\bin\Debug\net9.0\B2B_V2.Infrastructure.dll' because it is being used by another process. The file is locked by: "B2B_V2.WebApi (125828)" [D:\SourceCode\Anti-g\B2B_V2\B2B_V2.WebApi\B2B_V2.WebApi.csproj]
C:\Program Files\dotnet\sdk\9.0.306\Microsoft.Common.CurrentVersion.targets(5093,5): warning MSB3026: Could not copy "D:\SourceCode\Anti-g\B2B_V2\B2B_V2.Domain\bin\Debug\net9.0\B2B_V2.Domain.dll" to "bin\Debug\net9.0\B2B_V2.Domain.dll". Beginning retry 7 in 1000ms. The process cannot access the file 'D:\SourceCode\Anti-g\B2B_V2\B2B_V2.WebApi\bin\Debug\net9.0\B2B_V2.Domain.dll' because it is being used by another process. The file is locked by: "B2B_V2.WebApi (125828)" [D:\SourceCode\Anti-g\B2B_V2\B2B_V2.WebApi\B2B_V2.WebApi.csproj]
C:\Program Files\dotnet\sdk\9.0.306\Microsoft.Common.CurrentVersion.targets(5093,5): warning MSB3026: Could not copy "D:\SourceCode\Anti-g\B2B_V2\B2B_V2.Application\bin\Debug\net9.0\B2B_V2.Application.dll" to "bin\Debug\net9.0\B2B_V2.Application.dll". Beginning retry 8 in 1000ms. The process cannot access the file 'D:\SourceCode\Anti-g\B2B_V2\B2B_V2.WebApi\bin\Debug\net9.0\B2B_V2.Application.dll' because it is being used by another process. The file is locked by: "B2B_V2.WebApi (125828)" [D:\SourceCode\Anti-g\B2B_V2\B2B_V2.WebApi\B2B_V2.WebApi.csproj]
C:\Program Files\dotnet\sdk\9.0.306\Microsoft.Common.CurrentVersion.targets(5093,5): warning MSB3026: Could not copy "D:\SourceCode\Anti-g\B2B_V2\B2B_V2.Domain\bin\Debug\net9.0\B2B_V2.Domain.dll" to "bin\Debug\net9.0\B2B_V2.Domain.dll". Beginning retry 8 in 1000ms. The process cannot access the file 'D:\SourceCode\Anti-g\B2B_V2\B2B_V2.WebApi\bin\Debug\net9.0\B2B_V2.Domain.dll' because it is being used by another process. The file is locked by: "B2B_V2.WebApi (125828)" [D:\SourceCode\Anti-g\B2B_V2\B2B_V2.WebApi\B2B_V2.WebApi.csproj]
C:\Program Files\dotnet\sdk\9.0.306\Microsoft.Common.CurrentVersion.targets(5093,5): warning MSB3026: Could not copy "D:\SourceCode\Anti-g\B2B_V2\B2B_V2.Infrastructure\bin\Debug\net9.0\B2B_V2.Infrastructure.dll" to "bin\Debug\net9.0\B2B_V2.Infrastructure.dll". Beginning retry 8 in 1000ms. The process cannot access the file 'D:\SourceCode\Anti-g\B2B_V2\B2B_V2.WebApi\bin\Debug\net9.0\B2B_V2.Infrastructure.dll' because it is being used by another process. The file is locked by: "B2B_V2.WebApi (125828)" [D:\SourceCode\Anti-g\B2B_V2\B2B_V2.WebApi\B2B_V2.WebApi.csproj]
C:\Program Files\dotnet\sdk\9.0.306\Microsoft.Common.CurrentVersion.targets(5093,5): warning MSB3026: Could not copy "D:\SourceCode\Anti-g\B2B_V2\B2B_V2.Application\bin\Debug\net9.0\B2B_V2.Application.dll" to "bin\Debug\net9.0\B2B_V2.Application.dll". Beginning retry 9 in 1000ms. The process cannot access the file 'D:\SourceCode\Anti-g\B2B_V2\B2B_V2.WebApi\bin\Debug\net9.0\B2B_V2.Application.dll' because it is being used by another process. The file is locked by: "B2B_V2.WebApi (125828)" [D:\SourceCode\Anti-g\B2B_V2\B2B_V2.WebApi\B2B_V2.WebApi.csproj]
C:\Program Files\dotnet\sdk\9.0.306\Microsoft.Common.CurrentVersion.targets(5093,5): warning MSB3026: Could not copy "D:\SourceCode\Anti-g\B2B_V2\B2B_V2.Infrastructure\bin\Debug\net9.0\B2B_V2.Infrastructure.dll" to "bin\Debug\net9.0\B2B_V2.Infrastructure.dll". Beginning retry 9 in 1000ms. The process cannot access the file 'D:\SourceCode\Anti-g\B2B_V2\B2B_V2.WebApi\bin\Debug\net9.0\B2B_V2.Infrastructure.dll' because it is being used by another process. The file is locked by: "B2B_V2.WebApi (125828)" [D:\SourceCode\Anti-g\B2B_V2\B2B_V2.WebApi\B2B_V2.WebApi.csproj]
C:\Program Files\dotnet\sdk\9.0.306\Microsoft.Common.CurrentVersion.targets(5093,5): warning MSB3026: Could not copy "D:\SourceCode\Anti-g\B2B_V2\B2B_V2.Domain\bin\Debug\net9.0\B2B_V2.Domain.dll" to "bin\Debug\net9.0\B2B_V2.Domain.dll". Beginning retry 9 in 1000ms. The process cannot access the file 'D:\SourceCode\Anti-g\B2B_V2\B2B_V2.WebApi\bin\Debug\net9.0\B2B_V2.Domain.dll' because it is being used by another process. The file is locked by: "B2B_V2.WebApi (125828)" [D:\SourceCode\Anti-g\B2B_V2\B2B_V2.WebApi\B2B_V2.WebApi.csproj]
C:\Program Files\dotnet\sdk\9.0.306\Microsoft.Common.CurrentVersion.targets(5093,5): warning MSB3026: Could not copy "D:\SourceCode\Anti-g\B2B_V2\B2B_V2.Application\bin\Debug\net9.0\B2B_V2.Application.dll" to "bin\Debug\net9.0\B2B_V2.Application.dll". Beginning retry 10 in 1000ms. The process cannot access the file 'D:\SourceCode\Anti-g\B2B_V2\B2B_V2.WebApi\bin\Debug\net9.0\B2B_V2.Application.dll' because it is being used by another process. The file is locked by: "B2B_V2.WebApi (125828)" [D:\SourceCode\Anti-g\B2B_V2\B2B_V2.WebApi\B2B_V2.WebApi.csproj]
C:\Program Files\dotnet\sdk\9.0.306\Microsoft.Common.CurrentVersion.targets(5093,5): warning MSB3026: Could not copy "D:\SourceCode\Anti-g\B2B_V2\B2B_V2.Infrastructure\bin\Debug\net9.0\B2B_V2.Infrastructure.dll" to "bin\Debug\net9.0\B2B_V2.Infrastructure.dll". Beginning retry 10 in 1000ms. The process cannot access the file 'D:\SourceCode\Anti-g\B2B_V2\B2B_V2.WebApi\bin\Debug\net9.0\B2B_V2.Infrastructure.dll' because it is being used by another process. The file is locked by: "B2B_V2.WebApi (125828)" [D:\SourceCode\Anti-g\B2B_V2\B2B_V2.WebApi\B2B_V2.WebApi.csproj]
C:\Program Files\dotnet\sdk\9.0.306\Microsoft.Common.CurrentVersion.targets(5093,5): warning MSB3026: Could not copy "D:\SourceCode\Anti-g\B2B_V2\B2B_V2.Domain\bin\Debug\net9.0\B2B_V2.Domain.dll" to "bin\Debug\net9.0\B2B_V2.Domain.dll". Beginning retry 10 in 1000ms. The process cannot access the file 'D:\SourceCode\Anti-g\B2B_V2\B2B_V2.WebApi\bin\Debug\net9.0\B2B_V2.Domain.dll' because it is being used by another process. The file is locked by: "B2B_V2.WebApi (125828)" [D:\SourceCode\Anti-g\B2B_V2\B2B_V2.WebApi\B2B_V2.WebApi.csproj]
C:\Program Files\dotnet\sdk\9.0.306\Microsoft.Common.CurrentVersion.targets(5093,5): error MSB3027: Could not copy "D:\SourceCode\Anti-g\B2B_V2\B2B_V2.Application\bin\Debug\net9.0\B2B_V2.Application.dll" to "bin\Debug\net9.0\B2B_V2.Application.dll". Exceeded retry count of 10. Failed. The file is locked by: "B2B_V2.WebApi (125828)" [D:\SourceCode\Anti-g\B2B_V2\B2B_V2.WebApi\B2B_V2.WebApi.csproj]
C:\Program Files\dotnet\sdk\9.0.306\Microsoft.Common.CurrentVersion.targets(5093,5): error MSB3021: Unable to copy file "D:\SourceCode\Anti-g\B2B_V2\B2B_V2.Application\bin\Debug\net9.0\B2B_V2.Application.dll" to "bin\Debug\net9.0\B2B_V2.Application.dll". The process cannot access the file 'D:\SourceCode\Anti-g\B2B_V2\B2B_V2.WebApi\bin\Debug\net9.0\B2B_V2.Application.dll' because it is being used by another process. [D:\SourceCode\Anti-g\B2B_V2\B2B_V2.WebApi\B2B_V2.WebApi.csproj]
C:\Program Files\dotnet\sdk\9.0.306\Microsoft.Common.CurrentVersion.targets(5093,5): error MSB3027: Could not copy "D:\SourceCode\Anti-g\B2B_V2\B2B_V2.Domain\bin\Debug\net9.0\B2B_V2.Domain.dll" to "bin\Debug\net9.0\B2B_V2.Domain.dll". Exceeded retry count of 10. Failed. The file is locked by: "B2B_V2.WebApi (125828)" [D:\SourceCode\Anti-g\B2B_V2\B2B_V2.WebApi\B2B_V2.WebApi.csproj]
C:\Program Files\dotnet\sdk\9.0.306\Microsoft.Common.CurrentVersion.targets(5093,5): error MSB3021: Unable to copy file "D:\SourceCode\Anti-g\B2B_V2\B2B_V2.Domain\bin\Debug\net9.0\B2B_V2.Domain.dll" to "bin\Debug\net9.0\B2B_V2.Domain.dll". The process cannot access the file 'D:\SourceCode\Anti-g\B2B_V2\B2B_V2.WebApi\bin\Debug\net9.0\B2B_V2.Domain.dll' because it is being used by another process. [D:\SourceCode\Anti-g\B2B_V2\B2B_V2.WebApi\B2B_V2.WebApi.csproj]
C:\Program Files\dotnet\sdk\9.0.306\Microsoft.Common.CurrentVersion.targets(5093,5): error MSB3027: Could not copy "D:\SourceCode\Anti-g\B2B_V2\B2B_V2.Infrastructure\bin\Debug\net9.0\B2B_V2.Infrastructure.dll" to "bin\Debug\net9.0\B2B_V2.Infrastructure.dll". Exceeded retry count of 10. Failed. The file is locked by: "B2B_V2.WebApi (125828)" [D:\SourceCode\Anti-g\B2B_V2\B2B_V2.WebApi\B2B_V2.WebApi.csproj]
C:\Program Files\dotnet\sdk\9.0.306\Microsoft.Common.CurrentVersion.targets(5093,5): error MSB3021: Unable to copy file "D:\SourceCode\Anti-g\B2B_V2\B2B_V2.Infrastructure\bin\Debug\net9.0\B2B_V2.Infrastructure.dll" to "bin\Debug\net9.0\B2B_V2.Infrastructure.dll". The process cannot access the file 'D:\SourceCode\Anti-g\B2B_V2\B2B_V2.WebApi\bin\Debug\net9.0\B2B_V2.Infrastructure.dll' because it is being used by another process. [D:\SourceCode\Anti-g\B2B_V2\B2B_V2.WebApi\B2B_V2.WebApi.csproj]

Build FAILED.

C:\Program Files\dotnet\sdk\9.0.306\Microsoft.Common.CurrentVersion.targets(5093,5): warning MSB3026: Could not copy "D:\SourceCode\Anti-g\B2B_V2\B2B_V2.Application\bin\Debug\net9.0\B2B_V2.Application.dll" to "bin\Debug\net9.0\B2B_V2.Application.dll". Beginning retry 1 in 1000ms. The process cannot access the file 'D:\SourceCode\Anti-g\B2B_V2\B2B_V2.WebApi\bin\Debug\net9.0\B2B_V2.Application.dll' because it is being used by another process. The file is locked by: "B2B_V2.WebApi (125828)" [D:\SourceCode\Anti-g\B2B_V2\B2B_V2.WebApi\B2B_V2.WebApi.csproj]
C:\Program Files\dotnet\sdk\9.0.306\Microsoft.Common.CurrentVersion.targets(5093,5): warning MSB3026: Could not copy "D:\SourceCode\Anti-g\B2B_V2\B2B_V2.Infrastructure\bin\Debug\net9.0\B2B_V2.Infrastructure.dll" to "bin\Debug\net9.0\B2B_V2.Infrastructure.dll". Beginning retry 1 in 1000ms. The process cannot access the file 'D:\SourceCode\Anti-g\B2B_V2\B2B_V2.WebApi\bin\Debug\net9.0\B2B_V2.Infrastructure.dll' because it is being used by another process. The file is locked by: "B2B_V2.WebApi (125828)" [D:\SourceCode\Anti-g\B2B_V2\B2B_V2.WebApi\B2B_V2.WebApi.csproj]
C:\Program Files\dotnet\sdk\9.0.306\Microsoft.Common.CurrentVersion.targets(5093,5): warning MSB3026: Could not copy "D:\SourceCode\Anti-g\B2B_V2\B2B_V2.Domain\bin\Debug\net9.0\B2B_V2.Domain.dll" to "bin\Debug\net9.0\B2B_V2.Domain.dll". Beginning retry 1 in 1000ms. The process cannot access the file 'D:\SourceCode\Anti-g\B2B_V2\B2B_V2.WebApi\bin\Debug\net9.0\B2B_V2.Domain.dll' because it is being used by another process. The file is locked by: "B2B_V2.WebApi (125828)" [D:\SourceCode\Anti-g\B2B_V2\B2B_V2.WebApi\B2B_V2.WebApi.csproj]
C:\Program Files\dotnet\sdk\9.0.306\Microsoft.Common.CurrentVersion.targets(5093,5): warning MSB3026: Could not copy "D:\SourceCode\Anti-g\B2B_V2\B2B_V2.Application\bin\Debug\net9.0\B2B_V2.Application.dll" to "bin\Debug\net9.0\B2B_V2.Application.dll". Beginning retry 2 in 1000ms. The process cannot access the file 'D:\SourceCode\Anti-g\B2B_V2\B2B_V2.WebApi\bin\Debug\net9.0\B2B_V2.Application.dll' because it is being used by another process. The file is locked by: "B2B_V2.WebApi (125828)" [D:\SourceCode\Anti-g\B2B_V2\B2B_V2.WebApi\B2B_V2.WebApi.csproj]
C:\Program Files\dotnet\sdk\9.0.306\Microsoft.Common.CurrentVersion.targets(5093,5): warning MSB3026: Could not copy "D:\SourceCode\Anti-g\B2B_V2\B2B_V2.Infrastructure\bin\Debug\net9.0\B2B_V2.Infrastructure.dll" to "bin\Debug\net9.0\B2B_V2.Infrastructure.dll". Beginning retry 2 in 1000ms. The process cannot access the file 'D:\SourceCode\Anti-g\B2B_V2\B2B_V2.WebApi\bin\Debug\net9.0\B2B_V2.Infrastructure.dll' because it is being used by another process. The file is locked by: "B2B_V2.WebApi (125828)" [D:\SourceCode\Anti-g\B2B_V2\B2B_V2.WebApi\B2B_V2.WebApi.csproj]
C:\Program Files\dotnet\sdk\9.0.306\Microsoft.Common.CurrentVersion.targets(5093,5): warning MSB3026: Could not copy "D:\SourceCode\Anti-g\B2B_V2\B2B_V2.Domain\bin\Debug\net9.0\B2B_V2.Domain.dll" to "bin\Debug\net9.0\B2B_V2.Domain.dll". Beginning retry 2 in 1000ms. The process cannot access the file 'D:\SourceCode\Anti-g\B2B_V2\B2B_V2.WebApi\bin\Debug\net9.0\B2B_V2.Domain.dll' because it is being used by another process. The file is locked by: "B2B_V2.WebApi (125828)" [D:\SourceCode\Anti-g\B2B_V2\B2B_V2.WebApi\B2B_V2.WebApi.csproj]
C:\Program Files\dotnet\sdk\9.0.306\Microsoft.Common.CurrentVersion.targets(5093,5): warning MSB3026: Could not copy "D:\SourceCode\Anti-g\B2B_V2\B2B_V2.Application\bin\Debug\net9.0\B2B_V2.Application.dll" to "bin\Debug\net9.0\B2B_V2.Application.dll". Beginning retry 3 in 1000ms. The process cannot access the file 'D:\SourceCode\Anti-g\B2B_V2\B2B_V2.WebApi\bin\Debug\net9.0\B2B_V2.Application.dll' because it is being used by another process. The file is locked by: "B2B_V2.WebApi (125828)" [D:\SourceCode\Anti-g\B2B_V2\B2B_V2.WebApi\B2B_V2.WebApi.csproj]
C:\Program Files\dotnet\sdk\9.0.306\Microsoft.Common.CurrentVersion.targets(5093,5): warning MSB3026: Could not copy "D:\SourceCode\Anti-g\B2B_V2\B2B_V2.Infrastructure\bin\Debug\net9.0\B2B_V2.Infrastructure.dll" to "bin\Debug\net9.0\B2B_V2.Infrastructure.dll". Beginning retry 3 in 1000ms. The process cannot access the file 'D:\SourceCode\Anti-g\B2B_V2\B2B_V2.WebApi\bin\Debug\net9.0\B2B_V2.Infrastructure.dll' because it is being used by another process. The file is locked by: "B2B_V2.WebApi (125828)" [D:\SourceCode\Anti-g\B2B_V2\B2B_V2.WebApi\B2B_V2.WebApi.csproj]
C:\Program Files\dotnet\sdk\9.0.306\Microsoft.Common.CurrentVersion.targets(5093,5): warning MSB3026: Could not copy "D:\SourceCode\Anti-g\B2B_V2\B2B_V2.Domain\bin\Debug\net9.0\B2B_V2.Domain.dll" to "bin\Debug\net9.0\B2B_V2.Domain.dll". Beginning retry 3 in 1000ms. The process cannot access the file 'D:\SourceCode\Anti-g\B2B_V2\B2B_V2.WebApi\bin\Debug\net9.0\B2B_V2.Domain.dll' because it is being used by another process. The file is locked by: "B2B_V2.WebApi (125828)" [D:\SourceCode\Anti-g\B2B_V2\B2B_V2.WebApi\B2B_V2.WebApi.csproj]
C:\Program Files\dotnet\sdk\9.0.306\Microsoft.Common.CurrentVersion.targets(5093,5): warning MSB3026: Could not copy "D:\SourceCode\Anti-g\B2B_V2\B2B_V2.Application\bin\Debug\net9.0\B2B_V2.Application.dll" to "bin\Debug\net9.0\B2B_V2.Application.dll". Beginning retry 4 in 1000ms. The process cannot access the file 'D:\SourceCode\Anti-g\B2B_V2\B2B_V2.WebApi\bin\Debug\net9.0\B2B_V2.Application.dll' because it is being used by another process. The file is locked by: "B2B_V2.WebApi (125828)" [D:\SourceCode\Anti-g\B2B_V2\B2B_V2.WebApi\B2B_V2.WebApi.csproj]
C:\Program Files\dotnet\sdk\9.0.306\Microsoft.Common.CurrentVersion.targets(5093,5): warning MSB3026: Could not copy "D:\SourceCode\Anti-g\B2B_V2\B2B_V2.Domain\bin\Debug\net9.0\B2B_V2.Domain.dll" to "bin\Debug\net9.0\B2B_V2.Domain.dll". Beginning retry 4 in 1000ms. The process cannot access the file 'D:\SourceCode\Anti-g\B2B_V2\B2B_V2.WebApi\bin\Debug\net9.0\B2B_V2.Domain.dll' because it is being used by another process. The file is locked by: "B2B_V2.WebApi (125828)" [D:\SourceCode\Anti-g\B2B_V2\B2B_V2.WebApi\B2B_V2.WebApi.csproj]
C:\Program Files\dotnet\sdk\9.0.306\Microsoft.Common.CurrentVersion.targets(5093,5): warning MSB3026: Could not copy "D:\SourceCode\Anti-g\B2B_V2\B2B_V2.Infrastructure\bin\Debug\net9.0\B2B_V2.Infrastructure.dll" to "bin\Debug\net9.0\B2B_V2.Infrastructure.dll". Beginning retry 4 in 1000ms. The process cannot access the file 'D:\SourceCode\Anti-g\B2B_V2\B2B_V2.WebApi\bin\Debug\net9.0\B2B_V2.Infrastructure.dll' because it is being used by another process. The file is locked by: "B2B_V2.WebApi (125828)" [D:\SourceCode\Anti-g\B2B_V2\B2B_V2.WebApi\B2B_V2.WebApi.csproj]
C:\Program Files\dotnet\sdk\9.0.306\Microsoft.Common.CurrentVersion.targets(5093,5): warning MSB3026: Could not copy "D:\SourceCode\Anti-g\B2B_V2\B2B_V2.Application\bin\Debug\net9.0\B2B_V2.Application.dll" to "bin\Debug\net9.0\B2B_V2.Application.dll". Beginning retry 5 in 1000ms. The process cannot access the file 'D:\SourceCode\Anti-g\B2B_V2\B2B_V2.WebApi\bin\Debug\net9.0\B2B_V2.Application.dll' because it is being used by another process. The file is locked by: "B2B_V2.WebApi (125828)" [D:\SourceCode\Anti-g\B2B_V2\B2B_V2.WebApi\B2B_V2.WebApi.csproj]
C:\Program Files\dotnet\sdk\9.0.306\Microsoft.Common.CurrentVersion.targets(5093,5): warning MSB3026: Could not copy "D:\SourceCode\Anti-g\B2B_V2\B2B_V2.Infrastructure\bin\Debug\net9.0\B2B_V2.Infrastructure.dll" to "bin\Debug\net9.0\B2B_V2.Infrastructure.dll". Beginning retry 5 in 1000ms. The process cannot access the file 'D:\SourceCode\Anti-g\B2B_V2\B2B_V2.WebApi\bin\Debug\net9.0\B2B_V2.Infrastructure.dll' because it is being used by another process. The file is locked by: "B2B_V2.WebApi (125828)" [D:\SourceCode\Anti-g\B2B_V2\B2B_V2.WebApi\B2B_V2.WebApi.csproj]
C:\Program Files\dotnet\sdk\9.0.306\Microsoft.Common.CurrentVersion.targets(5093,5): warning MSB3026: Could not copy "D:\SourceCode\Anti-g\B2B_V2\B2B_V2.Domain\bin\Debug\net9.0\B2B_V2.Domain.dll" to "bin\Debug\net9.0\B2B_V2.Domain.dll". Beginning retry 5 in 1000ms. The process cannot access the file 'D:\SourceCode\Anti-g\B2B_V2\B2B_V2.WebApi\bin\Debug\net9.0\B2B_V2.Domain.dll' because it is being used by another process. The file is locked by: "B2B_V2.WebApi (125828)" [D:\SourceCode\Anti-g\B2B_V2\B2B_V2.WebApi\B2B_V2.WebApi.csproj]
C:\Program Files\dotnet\sdk\9.0.306\Microsoft.Common.CurrentVersion.targets(5093,5): warning MSB3026: Could not copy "D:\SourceCode\Anti-g\B2B_V2\B2B_V2.Application\bin\Debug\net9.0\B2B_V2.Application.dll" to "bin\Debug\net9.0\B2B_V2.Application.dll". Beginning retry 6 in 1000ms. The process cannot access the file 'D:\SourceCode\Anti-g\B2B_V2\B2B_V2.WebApi\bin\Debug\net9.0\B2B_V2.Application.dll' because it is being used by another process. The file is locked by: "B2B_V2.WebApi (125828)" [D:\SourceCode\Anti-g\B2B_V2\B2B_V2.WebApi\B2B_V2.WebApi.csproj]
C:\Program Files\dotnet\sdk\9.0.306\Microsoft.Common.CurrentVersion.targets(5093,5): warning MSB3026: Could not copy "D:\SourceCode\Anti-g\B2B_V2\B2B_V2.Domain\bin\Debug\net9.0\B2B_V2.Domain.dll" to "bin\Debug\net9.0\B2B_V2.Domain.dll". Beginning retry 6 in 1000ms. The process cannot access the file 'D:\SourceCode\Anti-g\B2B_V2\B2B_V2.WebApi\bin\Debug\net9.0\B2B_V2.Domain.dll' because it is being used by another process. The file is locked by: "B2B_V2.WebApi (125828)" [D:\SourceCode\Anti-g\B2B_V2\B2B_V2.WebApi\B2B_V2.WebApi.csproj]
C:\Program Files\dotnet\sdk\9.0.306\Microsoft.Common.CurrentVersion.targets(5093,5): warning MSB3026: Could not copy "D:\SourceCode\Anti-g\B2B_V2\B2B_V2.Infrastructure\bin\Debug\net9.0\B2B_V2.Infrastructure.dll" to "bin\Debug\net9.0\B2B_V2.Infrastructure.dll". Beginning retry 6 in 1000ms. The process cannot access the file 'D:\SourceCode\Anti-g\B2B_V2\B2B_V2.WebApi\bin\Debug\net9.0\B2B_V2.Infrastructure.dll' because it is being used by another process. The file is locked by: "B2B_V2.WebApi (125828)" [D:\SourceCode\Anti-g\B2B_V2\B2B_V2.WebApi\B2B_V2.WebApi.csproj]
C:\Program Files\dotnet\sdk\9.0.306\Microsoft.Common.CurrentVersion.targets(5093,5): warning MSB3026: Could not copy "D:\SourceCode\Anti-g\B2B_V2\B2B_V2.Application\bin\Debug\net9.0\B2B_V2.Application.dll" to "bin\Debug\net9.0\B2B_V2.Application.dll". Beginning retry 7 in 1000ms. The process cannot access the file 'D:\SourceCode\Anti-g\B2B_V2\B2B_V2.WebApi\bin\Debug\net9.0\B2B_V2.Application.dll' because it is being used by another process. The file is locked by: "B2B_V2.WebApi (125828)" [D:\SourceCode\Anti-g\B2B_V2\B2B_V2.WebApi\B2B_V2.WebApi.csproj]
C:\Program Files\dotnet\sdk\9.0.306\Microsoft.Common.CurrentVersion.targets(5093,5): warning MSB3026: Could not copy "D:\SourceCode\Anti-g\B2B_V2\B2B_V2.Infrastructure\bin\Debug\net9.0\B2B_V2.Infrastructure.dll" to "bin\Debug\net9.0\B2B_V2.Infrastructure.dll". Beginning retry 7 in 1000ms. The process cannot access the file 'D:\SourceCode\Anti-g\B2B_V2\B2B_V2.WebApi\bin\Debug\net9.0\B2B_V2.Infrastructure.dll' because it is being used by another process. The file is locked by: "B2B_V2.WebApi (125828)" [D:\SourceCode\Anti-g\B2B_V2\B2B_V2.WebApi\B2B_V2.WebApi.csproj]
C:\Program Files\dotnet\sdk\9.0.306\Microsoft.Common.CurrentVersion.targets(5093,5): warning MSB3026: Could not copy "D:\SourceCode\Anti-g\B2B_V2\B2B_V2.Domain\bin\Debug\net9.0\B2B_V2.Domain.dll" to "bin\Debug\net9.0\B2B_V2.Domain.dll". Beginning retry 7 in 1000ms. The process cannot access the file 'D:\SourceCode\Anti-g\B2B_V2\B2B_V2.WebApi\bin\Debug\net9.0\B2B_V2.Domain.dll' because it is being used by another process. The file is locked by: "B2B_V2.WebApi (125828)" [D:\SourceCode\Anti-g\B2B_V2\B2B_V2.WebApi\B2B_V2.WebApi.csproj]
C:\Program Files\dotnet\sdk\9.0.306\Microsoft.Common.CurrentVersion.targets(5093,5): warning MSB3026: Could not copy "D:\SourceCode\Anti-g\B2B_V2\B2B_V2.Application\bin\Debug\net9.0\B2B_V2.Application.dll" to "bin\Debug\net9.0\B2B_V2.Application.dll". Beginning retry 8 in 1000ms. The process cannot access the file 'D:\SourceCode\Anti-g\B2B_V2\B2B_V2.WebApi\bin\Debug\net9.0\B2B_V2.Application.dll' because it is being used by another process. The file is locked by: "B2B_V2.WebApi (125828)" [D:\SourceCode\Anti-g\B2B_V2\B2B_V2.WebApi\B2B_V2.WebApi.csproj]
C:\Program Files\dotnet\sdk\9.0.306\Microsoft.Common.CurrentVersion.targets(5093,5): warning MSB3026: Could not copy "D:\SourceCode\Anti-g\B2B_V2\B2B_V2.Domain\bin\Debug\net9.0\B2B_V2.Domain.dll" to "bin\Debug\net9.0\B2B_V2.Domain.dll". Beginning retry 8 in 1000ms. The process cannot access the file 'D:\SourceCode\Anti-g\B2B_V2\B2B_V2.WebApi\bin\Debug\net9.0\B2B_V2.Domain.dll' because it is being used by another process. The file is locked by: "B2B_V2.WebApi (125828)" [D:\SourceCode\Anti-g\B2B_V2\B2B_V2.WebApi\B2B_V2.WebApi.csproj]
C:\Program Files\dotnet\sdk\9.0.306\Microsoft.Common.CurrentVersion.targets(5093,5): warning MSB3026: Could not copy "D:\SourceCode\Anti-g\B2B_V2\B2B_V2.Infrastructure\bin\Debug\net9.0\B2B_V2.Infrastructure.dll" to "bin\Debug\net9.0\B2B_V2.Infrastructure.dll". Beginning retry 8 in 1000ms. The process cannot access the file 'D:\SourceCode\Anti-g\B2B_V2\B2B_V2.WebApi\bin\Debug\net9.0\B2B_V2.Infrastructure.dll' because it is being used by another process. The file is locked by: "B2B_V2.WebApi (125828)" [D:\SourceCode\Anti-g\B2B_V2\B2B_V2.WebApi\B2B_V2.WebApi.csproj]
C:\Program Files\dotnet\sdk\9.0.306\Microsoft.Common.CurrentVersion.targets(5093,5): warning MSB3026: Could not copy "D:\SourceCode\Anti-g\B2B_V2\B2B_V2.Application\bin\Debug\net9.0\B2B_V2.Application.dll" to "bin\Debug\net9.0\B2B_V2.Application.dll". Beginning retry 9 in 1000ms. The process cannot access the file 'D:\SourceCode\Anti-g\B2B_V2\B2B_V2.WebApi\bin\Debug\net9.0\B2B_V2.Application.dll' because it is being used by another process. The file is locked by: "B2B_V2.WebApi (125828)" [D:\SourceCode\Anti-g\B2B_V2\B2B_V2.WebApi\B2B_V2.WebApi.csproj]
C:\Program Files\dotnet\sdk\9.0.306\Microsoft.Common.CurrentVersion.targets(5093,5): warning MSB3026: Could not copy "D:\SourceCode\Anti-g\B2B_V2\B2B_V2.Infrastructure\bin\Debug\net9.0\B2B_V2.Infrastructure.dll" to "bin\Debug\net9.0\B2B_V2.Infrastructure.dll". Beginning retry 9 in 1000ms. The process cannot access the file 'D:\SourceCode\Anti-g\B2B_V2\B2B_V2.WebApi\bin\Debug\net9.0\B2B_V2.Infrastructure.dll' because it is being used by another process. The file is locked by: "B2B_V2.WebApi (125828)" [D:\SourceCode\Anti-g\B2B_V2\B2B_V2.WebApi\B2B_V2.WebApi.csproj]
C:\Program Files\dotnet\sdk\9.0.306\Microsoft.Common.CurrentVersion.targets(5093,5): warning MSB3026: Could not copy "D:\SourceCode\Anti-g\B2B_V2\B2B_V2.Domain\bin\Debug\net9.0\B2B_V2.Domain.dll" to "bin\Debug\net9.0\B2B_V2.Domain.dll". Beginning retry 9 in 1000ms. The process cannot access the file 'D:\SourceCode\Anti-g\B2B_V2\B2B_V2.WebApi\bin\Debug\net9.0\B2B_V2.Domain.dll' because it is being used by another process. The file is locked by: "B2B_V2.WebApi (125828)" [D:\SourceCode\Anti-g\B2B_V2\B2B_V2.WebApi\B2B_V2.WebApi.csproj]
C:\Program Files\dotnet\sdk\9.0.306\Microsoft.Common.CurrentVersion.targets(5093,5): warning MSB3026: Could not copy "D:\SourceCode\Anti-g\B2B_V2\B2B_V2.Application\bin\Debug\net9.0\B2B_V2.Application.dll" to "bin\Debug\net9.0\B2B_V2.Application.dll". Beginning retry 10 in 1000ms. The process cannot access the file 'D:\SourceCode\Anti-g\B2B_V2\B2B_V2.WebApi\bin\Debug\net9.0\B2B_V2.Application.dll' because it is being used by another process. The file is locked by: "B2B_V2.WebApi (125828)" [D:\SourceCode\Anti-g\B2B_V2\B2B_V2.WebApi\B2B_V2.WebApi.csproj]
C:\Program Files\dotnet\sdk\9.0.306\Microsoft.Common.CurrentVersion.targets(5093,5): warning MSB3026: Could not copy "D:\SourceCode\Anti-g\B2B_V2\B2B_V2.Infrastructure\bin\Debug\net9.0\B2B_V2.Infrastructure.dll" to "bin\Debug\net9.0\B2B_V2.Infrastructure.dll". Beginning retry 10 in 1000ms. The process cannot access the file 'D:\SourceCode\Anti-g\B2B_V2\B2B_V2.WebApi\bin\Debug\net9.0\B2B_V2.Infrastructure.dll' because it is being used by another process. The file is locked by: "B2B_V2.WebApi (125828)" [D:\SourceCode\Anti-g\B2B_V2\B2B_V2.WebApi\B2B_V2.WebApi.csproj]
C:\Program Files\dotnet\sdk\9.0.306\Microsoft.Common.CurrentVersion.targets(5093,5): warning MSB3026: Could not copy "D:\SourceCode\Anti-g\B2B_V2\B2B_V2.Domain\bin\Debug\net9.0\B2B_V2.Domain.dll" to "bin\Debug\net9.0\B2B_V2.Domain.dll". Beginning retry 10 in 1000ms. The process cannot access the file 'D:\SourceCode\Anti-g\B2B_V2\B2B_V2.WebApi\bin\Debug\net9.0\B2B_V2.Domain.dll' because it is being used by another process. The file is locked by: "B2B_V2.WebApi (125828)" [D:\SourceCode\Anti-g\B2B_V2\B2B_V2.WebApi\B2B_V2.WebApi.csproj]
C:\Program Files\dotnet\sdk\9.0.306\Microsoft.Common.CurrentVersion.targets(5093,5): error MSB3027: Could not copy "D:\SourceCode\Anti-g\B2B_V2\B2B_V2.Application\bin\Debug\net9.0\B2B_V2.Application.dll" to "bin\Debug\net9.0\B2B_V2.Application.dll". Exceeded retry count of 10. Failed. The file is locked by: "B2B_V2.WebApi (125828)" [D:\SourceCode\Anti-g\B2B_V2\B2B_V2.WebApi\B2B_V2.WebApi.csproj]
C:\Program Files\dotnet\sdk\9.0.306\Microsoft.Common.CurrentVersion.targets(5093,5): error MSB3021: Unable to copy file "D:\SourceCode\Anti-g\B2B_V2\B2B_V2.Application\bin\Debug\net9.0\B2B_V2.Application.dll" to "bin\Debug\net9.0\B2B_V2.Application.dll". The process cannot access the file 'D:\SourceCode\Anti-g\B2B_V2\B2B_V2.WebApi\bin\Debug\net9.0\B2B_V2.Application.dll' because it is being used by another process. [D:\SourceCode\Anti-g\B2B_V2\B2B_V2.WebApi\B2B_V2.WebApi.csproj]
C:\Program Files\dotnet\sdk\9.0.306\Microsoft.Common.CurrentVersion.targets(5093,5): error MSB3027: Could not copy "D:\SourceCode\Anti-g\B2B_V2\B2B_V2.Domain\bin\Debug\net9.0\B2B_V2.Domain.dll" to "bin\Debug\net9.0\B2B_V2.Domain.dll". Exceeded retry count of 10. Failed. The file is locked by: "B2B_V2.WebApi (125828)" [D:\SourceCode\Anti-g\B2B_V2\B2B_V2.WebApi\B2B_V2.WebApi.csproj]
C:\Program Files\dotnet\sdk\9.0.306\Microsoft.Common.CurrentVersion.targets(5093,5): error MSB3021: Unable to copy file "D:\SourceCode\Anti-g\B2B_V2\B2B_V2.Domain\bin\Debug\net9.0\B2B_V2.Domain.dll" to "bin\Debug\net9.0\B2B_V2.Domain.dll". The process cannot access the file 'D:\SourceCode\Anti-g\B2B_V2\B2B_V2.WebApi\bin\Debug\net9.0\B2B_V2.Domain.dll' because it is being used by another process. [D:\SourceCode\Anti-g\B2B_V2\B2B_V2.WebApi\B2B_V2.WebApi.csproj]
C:\Program Files\dotnet\sdk\9.0.306\Microsoft.Common.CurrentVersion.targets(5093,5): error MSB3027: Could not copy "D:\SourceCode\Anti-g\B2B_V2\B2B_V2.Infrastructure\bin\Debug\net9.0\B2B_V2.Infrastructure.dll" to "bin\Debug\net9.0\B2B_V2.Infrastructure.dll". Exceeded retry count of 10. Failed. The file is locked by: "B2B_V2.WebApi (125828)" [D:\SourceCode\Anti-g\B2B_V2\B2B_V2.WebApi\B2B_V2.WebApi.csproj]
C:\Program Files\dotnet\sdk\9.0.306\Microsoft.Common.CurrentVersion.targets(5093,5): error MSB3021: Unable to copy file "D:\SourceCode\Anti-g\B2B_V2\B2B_V2.Infrastructure\bin\Debug\net9.0\B2B_V2.Infrastructure.dll" to "bin\Debug\net9.0\B2B_V2.Infrastructure.dll". The process cannot access the file 'D:\SourceCode\Anti-g\B2B_V2\B2B_V2.WebApi\bin\Debug\net9.0\B2B_V2.Infrastructure.dll' because it is being used by another process. [D:\SourceCode\Anti-g\B2B_V2\B2B_V2.WebApi\B2B_V2.WebApi.csproj]
    30 Warning(s)
    6 Error(s)

Time Elapsed 00:00:17.42
