  Determining projects to restore...
  All projects are up-to-date for restore.
  B2B_V2.Domain -> D:\SourceCode\Anti-g\B2B_V2\B2B_V2.Domain\bin\Debug\net9.0\B2B_V2.Domain.dll
D:\SourceCode\Anti-g\B2B_V2\B2B_V2.Application\Services\AuthService.cs(6,17): error CS0234: The type or namespace name 'IdentityModel' does not exist in the namespace 'Microsoft' (are you missing an assembly reference?) [D:\SourceCode\Anti-g\B2B_V2\B2B_V2.Application\B2B_V2.Application.csproj]
D:\SourceCode\Anti-g\B2B_V2\B2B_V2.Application\Services\AuthService.cs(9,14): error CS0234: The type or namespace name 'IdentityModel' does not exist in the namespace 'System' (are you missing an assembly reference?) [D:\SourceCode\Anti-g\B2B_V2\B2B_V2.Application\B2B_V2.Application.csproj]

Build FAILED.

D:\SourceCode\Anti-g\B2B_V2\B2B_V2.Application\Services\AuthService.cs(6,17): error CS0234: The type or namespace name 'IdentityModel' does not exist in the namespace 'Microsoft' (are you missing an assembly reference?) [D:\SourceCode\Anti-g\B2B_V2\B2B_V2.Application\B2B_V2.Application.csproj]
D:\SourceCode\Anti-g\B2B_V2\B2B_V2.Application\Services\AuthService.cs(9,14): error CS0234: The type or namespace name 'IdentityModel' does not exist in the namespace 'System' (are you missing an assembly reference?) [D:\SourceCode\Anti-g\B2B_V2\B2B_V2.Application\B2B_V2.Application.csproj]
    0 Warning(s)
    2 Error(s)

Time Elapsed 00:00:05.70
