  Determining projects to restore...
  All projects are up-to-date for restore.
  B2B_V2.Domain -> D:\SourceCode\Anti-g\B2B_V2\B2B_V2.Domain\bin\Debug\net9.0\B2B_V2.Domain.dll
  B2B_V2.Application -> D:\SourceCode\Anti-g\B2B_V2\B2B_V2.Application\bin\Debug\net9.0\B2B_V2.Application.dll
D:\SourceCode\Anti-g\B2B_V2\B2B_V2.Infrastructure\Data\ApplicationDbContext.cs(2,37): error CS0234: The type or namespace name 'EntityFrameworkCore' does not exist in the namespace 'Microsoft.AspNetCore.Identity' (are you missing an assembly reference?) [D:\SourceCode\Anti-g\B2B_V2\B2B_V2.Infrastructure\B2B_V2.Infrastructure.csproj]
D:\SourceCode\Anti-g\B2B_V2\B2B_V2.Infrastructure\Data\ApplicationDbContext.cs(3,17): error CS0234: The type or namespace name 'EntityFrameworkCore' does not exist in the namespace 'Microsoft' (are you missing an assembly reference?) [D:\SourceCode\Anti-g\B2B_V2\B2B_V2.Infrastructure\B2B_V2.Infrastructure.csproj]
D:\SourceCode\Anti-g\B2B_V2\B2B_V2.Infrastructure\Repositories\GenericRepository.cs(3,17): error CS0234: The type or namespace name 'EntityFrameworkCore' does not exist in the namespace 'Microsoft' (are you missing an assembly reference?) [D:\SourceCode\Anti-g\B2B_V2\B2B_V2.Infrastructure\B2B_V2.Infrastructure.csproj]
D:\SourceCode\Anti-g\B2B_V2\B2B_V2.Infrastructure\Data\ApplicationDbContext.cs(8,41): error CS0246: The type or namespace name 'IdentityDbContext<,,>' could not be found (are you missing a using directive or an assembly reference?) [D:\SourceCode\Anti-g\B2B_V2\B2B_V2.Infrastructure\B2B_V2.Infrastructure.csproj]
D:\SourceCode\Anti-g\B2B_V2\B2B_V2.Infrastructure\Data\ApplicationDbContext.cs(10,37): error CS0246: The type or namespace name 'DbContextOptions<>' could not be found (are you missing a using directive or an assembly reference?) [D:\SourceCode\Anti-g\B2B_V2\B2B_V2.Infrastructure\B2B_V2.Infrastructure.csproj]
D:\SourceCode\Anti-g\B2B_V2\B2B_V2.Infrastructure\Data\ApplicationDbContext.cs(15,16): error CS0246: The type or namespace name 'DbSet<>' could not be found (are you missing a using directive or an assembly reference?) [D:\SourceCode\Anti-g\B2B_V2\B2B_V2.Infrastructure\B2B_V2.Infrastructure.csproj]
D:\SourceCode\Anti-g\B2B_V2\B2B_V2.Infrastructure\Data\ApplicationDbContext.cs(16,16): error CS0246: The type or namespace name 'DbSet<>' could not be found (are you missing a using directive or an assembly reference?) [D:\SourceCode\Anti-g\B2B_V2\B2B_V2.Infrastructure\B2B_V2.Infrastructure.csproj]
D:\SourceCode\Anti-g\B2B_V2\B2B_V2.Infrastructure\Repositories\GenericRepository.cs(15,26): error CS0246: The type or namespace name 'DbSet<>' could not be found (are you missing a using directive or an assembly reference?) [D:\SourceCode\Anti-g\B2B_V2\B2B_V2.Infrastructure\B2B_V2.Infrastructure.csproj]
D:\SourceCode\Anti-g\B2B_V2\B2B_V2.Infrastructure\Data\ApplicationDbContext.cs(17,16): error CS0246: The type or namespace name 'DbSet<>' could not be found (are you missing a using directive or an assembly reference?) [D:\SourceCode\Anti-g\B2B_V2\B2B_V2.Infrastructure\B2B_V2.Infrastructure.csproj]
D:\SourceCode\Anti-g\B2B_V2\B2B_V2.Infrastructure\Data\ApplicationDbContext.cs(18,16): error CS0246: The type or namespace name 'DbSet<>' could not be found (are you missing a using directive or an assembly reference?) [D:\SourceCode\Anti-g\B2B_V2\B2B_V2.Infrastructure\B2B_V2.Infrastructure.csproj]
D:\SourceCode\Anti-g\B2B_V2\B2B_V2.Infrastructure\Data\ApplicationDbContext.cs(19,16): error CS0246: The type or namespace name 'DbSet<>' could not be found (are you missing a using directive or an assembly reference?) [D:\SourceCode\Anti-g\B2B_V2\B2B_V2.Infrastructure\B2B_V2.Infrastructure.csproj]
D:\SourceCode\Anti-g\B2B_V2\B2B_V2.Infrastructure\Data\ApplicationDbContext.cs(20,16): error CS0246: The type or namespace name 'DbSet<>' could not be found (are you missing a using directive or an assembly reference?) [D:\SourceCode\Anti-g\B2B_V2\B2B_V2.Infrastructure\B2B_V2.Infrastructure.csproj]
D:\SourceCode\Anti-g\B2B_V2\B2B_V2.Infrastructure\Data\ApplicationDbContext.cs(21,16): error CS0246: The type or namespace name 'DbSet<>' could not be found (are you missing a using directive or an assembly reference?) [D:\SourceCode\Anti-g\B2B_V2\B2B_V2.Infrastructure\B2B_V2.Infrastructure.csproj]
D:\SourceCode\Anti-g\B2B_V2\B2B_V2.Infrastructure\Data\ApplicationDbContext.cs(22,16): error CS0246: The type or namespace name 'DbSet<>' could not be found (are you missing a using directive or an assembly reference?) [D:\SourceCode\Anti-g\B2B_V2\B2B_V2.Infrastructure\B2B_V2.Infrastructure.csproj]
D:\SourceCode\Anti-g\B2B_V2\B2B_V2.Infrastructure\Data\ApplicationDbContext.cs(23,16): error CS0246: The type or namespace name 'DbSet<>' could not be found (are you missing a using directive or an assembly reference?) [D:\SourceCode\Anti-g\B2B_V2\B2B_V2.Infrastructure\B2B_V2.Infrastructure.csproj]
D:\SourceCode\Anti-g\B2B_V2\B2B_V2.Infrastructure\Data\ApplicationDbContext.cs(24,16): error CS0246: The type or namespace name 'DbSet<>' could not be found (are you missing a using directive or an assembly reference?) [D:\SourceCode\Anti-g\B2B_V2\B2B_V2.Infrastructure\B2B_V2.Infrastructure.csproj]
D:\SourceCode\Anti-g\B2B_V2\B2B_V2.Infrastructure\Data\ApplicationDbContext.cs(25,16): error CS0246: The type or namespace name 'DbSet<>' could not be found (are you missing a using directive or an assembly reference?) [D:\SourceCode\Anti-g\B2B_V2\B2B_V2.Infrastructure\B2B_V2.Infrastructure.csproj]
D:\SourceCode\Anti-g\B2B_V2\B2B_V2.Infrastructure\Data\ApplicationDbContext.cs(26,16): error CS0246: The type or namespace name 'DbSet<>' could not be found (are you missing a using directive or an assembly reference?) [D:\SourceCode\Anti-g\B2B_V2\B2B_V2.Infrastructure\B2B_V2.Infrastructure.csproj]
D:\SourceCode\Anti-g\B2B_V2\B2B_V2.Infrastructure\Data\ApplicationDbContext.cs(27,16): error CS0246: The type or namespace name 'DbSet<>' could not be found (are you missing a using directive or an assembly reference?) [D:\SourceCode\Anti-g\B2B_V2\B2B_V2.Infrastructure\B2B_V2.Infrastructure.csproj]
D:\SourceCode\Anti-g\B2B_V2\B2B_V2.Infrastructure\Data\ApplicationDbContext.cs(28,16): error CS0246: The type or namespace name 'DbSet<>' could not be found (are you missing a using directive or an assembly reference?) [D:\SourceCode\Anti-g\B2B_V2\B2B_V2.Infrastructure\B2B_V2.Infrastructure.csproj]
D:\SourceCode\Anti-g\B2B_V2\B2B_V2.Infrastructure\Data\ApplicationDbContext.cs(29,16): error CS0246: The type or namespace name 'DbSet<>' could not be found (are you missing a using directive or an assembly reference?) [D:\SourceCode\Anti-g\B2B_V2\B2B_V2.Infrastructure\B2B_V2.Infrastructure.csproj]
D:\SourceCode\Anti-g\B2B_V2\B2B_V2.Infrastructure\Data\ApplicationDbContext.cs(30,16): error CS0246: The type or namespace name 'DbSet<>' could not be found (are you missing a using directive or an assembly reference?) [D:\SourceCode\Anti-g\B2B_V2\B2B_V2.Infrastructure\B2B_V2.Infrastructure.csproj]
D:\SourceCode\Anti-g\B2B_V2\B2B_V2.Infrastructure\Data\ApplicationDbContext.cs(31,16): error CS0246: The type or namespace name 'DbSet<>' could not be found (are you missing a using directive or an assembly reference?) [D:\SourceCode\Anti-g\B2B_V2\B2B_V2.Infrastructure\B2B_V2.Infrastructure.csproj]
D:\SourceCode\Anti-g\B2B_V2\B2B_V2.Infrastructure\Data\ApplicationDbContext.cs(33,49): error CS0246: The type or namespace name 'ModelBuilder' could not be found (are you missing a using directive or an assembly reference?) [D:\SourceCode\Anti-g\B2B_V2\B2B_V2.Infrastructure\B2B_V2.Infrastructure.csproj]

Build FAILED.

D:\SourceCode\Anti-g\B2B_V2\B2B_V2.Infrastructure\Data\ApplicationDbContext.cs(2,37): error CS0234: The type or namespace name 'EntityFrameworkCore' does not exist in the namespace 'Microsoft.AspNetCore.Identity' (are you missing an assembly reference?) [D:\SourceCode\Anti-g\B2B_V2\B2B_V2.Infrastructure\B2B_V2.Infrastructure.csproj]
D:\SourceCode\Anti-g\B2B_V2\B2B_V2.Infrastructure\Data\ApplicationDbContext.cs(3,17): error CS0234: The type or namespace name 'EntityFrameworkCore' does not exist in the namespace 'Microsoft' (are you missing an assembly reference?) [D:\SourceCode\Anti-g\B2B_V2\B2B_V2.Infrastructure\B2B_V2.Infrastructure.csproj]
D:\SourceCode\Anti-g\B2B_V2\B2B_V2.Infrastructure\Repositories\GenericRepository.cs(3,17): error CS0234: The type or namespace name 'EntityFrameworkCore' does not exist in the namespace 'Microsoft' (are you missing an assembly reference?) [D:\SourceCode\Anti-g\B2B_V2\B2B_V2.Infrastructure\B2B_V2.Infrastructure.csproj]
D:\SourceCode\Anti-g\B2B_V2\B2B_V2.Infrastructure\Data\ApplicationDbContext.cs(8,41): error CS0246: The type or namespace name 'IdentityDbContext<,,>' could not be found (are you missing a using directive or an assembly reference?) [D:\SourceCode\Anti-g\B2B_V2\B2B_V2.Infrastructure\B2B_V2.Infrastructure.csproj]
D:\SourceCode\Anti-g\B2B_V2\B2B_V2.Infrastructure\Data\ApplicationDbContext.cs(10,37): error CS0246: The type or namespace name 'DbContextOptions<>' could not be found (are you missing a using directive or an assembly reference?) [D:\SourceCode\Anti-g\B2B_V2\B2B_V2.Infrastructure\B2B_V2.Infrastructure.csproj]
D:\SourceCode\Anti-g\B2B_V2\B2B_V2.Infrastructure\Data\ApplicationDbContext.cs(15,16): error CS0246: The type or namespace name 'DbSet<>' could not be found (are you missing a using directive or an assembly reference?) [D:\SourceCode\Anti-g\B2B_V2\B2B_V2.Infrastructure\B2B_V2.Infrastructure.csproj]
D:\SourceCode\Anti-g\B2B_V2\B2B_V2.Infrastructure\Data\ApplicationDbContext.cs(16,16): error CS0246: The type or namespace name 'DbSet<>' could not be found (are you missing a using directive or an assembly reference?) [D:\SourceCode\Anti-g\B2B_V2\B2B_V2.Infrastructure\B2B_V2.Infrastructure.csproj]
D:\SourceCode\Anti-g\B2B_V2\B2B_V2.Infrastructure\Repositories\GenericRepository.cs(15,26): error CS0246: The type or namespace name 'DbSet<>' could not be found (are you missing a using directive or an assembly reference?) [D:\SourceCode\Anti-g\B2B_V2\B2B_V2.Infrastructure\B2B_V2.Infrastructure.csproj]
D:\SourceCode\Anti-g\B2B_V2\B2B_V2.Infrastructure\Data\ApplicationDbContext.cs(17,16): error CS0246: The type or namespace name 'DbSet<>' could not be found (are you missing a using directive or an assembly reference?) [D:\SourceCode\Anti-g\B2B_V2\B2B_V2.Infrastructure\B2B_V2.Infrastructure.csproj]
D:\SourceCode\Anti-g\B2B_V2\B2B_V2.Infrastructure\Data\ApplicationDbContext.cs(18,16): error CS0246: The type or namespace name 'DbSet<>' could not be found (are you missing a using directive or an assembly reference?) [D:\SourceCode\Anti-g\B2B_V2\B2B_V2.Infrastructure\B2B_V2.Infrastructure.csproj]
D:\SourceCode\Anti-g\B2B_V2\B2B_V2.Infrastructure\Data\ApplicationDbContext.cs(19,16): error CS0246: The type or namespace name 'DbSet<>' could not be found (are you missing a using directive or an assembly reference?) [D:\SourceCode\Anti-g\B2B_V2\B2B_V2.Infrastructure\B2B_V2.Infrastructure.csproj]
D:\SourceCode\Anti-g\B2B_V2\B2B_V2.Infrastructure\Data\ApplicationDbContext.cs(20,16): error CS0246: The type or namespace name 'DbSet<>' could not be found (are you missing a using directive or an assembly reference?) [D:\SourceCode\Anti-g\B2B_V2\B2B_V2.Infrastructure\B2B_V2.Infrastructure.csproj]
D:\SourceCode\Anti-g\B2B_V2\B2B_V2.Infrastructure\Data\ApplicationDbContext.cs(21,16): error CS0246: The type or namespace name 'DbSet<>' could not be found (are you missing a using directive or an assembly reference?) [D:\SourceCode\Anti-g\B2B_V2\B2B_V2.Infrastructure\B2B_V2.Infrastructure.csproj]
D:\SourceCode\Anti-g\B2B_V2\B2B_V2.Infrastructure\Data\ApplicationDbContext.cs(22,16): error CS0246: The type or namespace name 'DbSet<>' could not be found (are you missing a using directive or an assembly reference?) [D:\SourceCode\Anti-g\B2B_V2\B2B_V2.Infrastructure\B2B_V2.Infrastructure.csproj]
D:\SourceCode\Anti-g\B2B_V2\B2B_V2.Infrastructure\Data\ApplicationDbContext.cs(23,16): error CS0246: The type or namespace name 'DbSet<>' could not be found (are you missing a using directive or an assembly reference?) [D:\SourceCode\Anti-g\B2B_V2\B2B_V2.Infrastructure\B2B_V2.Infrastructure.csproj]
D:\SourceCode\Anti-g\B2B_V2\B2B_V2.Infrastructure\Data\ApplicationDbContext.cs(24,16): error CS0246: The type or namespace name 'DbSet<>' could not be found (are you missing a using directive or an assembly reference?) [D:\SourceCode\Anti-g\B2B_V2\B2B_V2.Infrastructure\B2B_V2.Infrastructure.csproj]
D:\SourceCode\Anti-g\B2B_V2\B2B_V2.Infrastructure\Data\ApplicationDbContext.cs(25,16): error CS0246: The type or namespace name 'DbSet<>' could not be found (are you missing a using directive or an assembly reference?) [D:\SourceCode\Anti-g\B2B_V2\B2B_V2.Infrastructure\B2B_V2.Infrastructure.csproj]
D:\SourceCode\Anti-g\B2B_V2\B2B_V2.Infrastructure\Data\ApplicationDbContext.cs(26,16): error CS0246: The type or namespace name 'DbSet<>' could not be found (are you missing a using directive or an assembly reference?) [D:\SourceCode\Anti-g\B2B_V2\B2B_V2.Infrastructure\B2B_V2.Infrastructure.csproj]
D:\SourceCode\Anti-g\B2B_V2\B2B_V2.Infrastructure\Data\ApplicationDbContext.cs(27,16): error CS0246: The type or namespace name 'DbSet<>' could not be found (are you missing a using directive or an assembly reference?) [D:\SourceCode\Anti-g\B2B_V2\B2B_V2.Infrastructure\B2B_V2.Infrastructure.csproj]
D:\SourceCode\Anti-g\B2B_V2\B2B_V2.Infrastructure\Data\ApplicationDbContext.cs(28,16): error CS0246: The type or namespace name 'DbSet<>' could not be found (are you missing a using directive or an assembly reference?) [D:\SourceCode\Anti-g\B2B_V2\B2B_V2.Infrastructure\B2B_V2.Infrastructure.csproj]
D:\SourceCode\Anti-g\B2B_V2\B2B_V2.Infrastructure\Data\ApplicationDbContext.cs(29,16): error CS0246: The type or namespace name 'DbSet<>' could not be found (are you missing a using directive or an assembly reference?) [D:\SourceCode\Anti-g\B2B_V2\B2B_V2.Infrastructure\B2B_V2.Infrastructure.csproj]
D:\SourceCode\Anti-g\B2B_V2\B2B_V2.Infrastructure\Data\ApplicationDbContext.cs(30,16): error CS0246: The type or namespace name 'DbSet<>' could not be found (are you missing a using directive or an assembly reference?) [D:\SourceCode\Anti-g\B2B_V2\B2B_V2.Infrastructure\B2B_V2.Infrastructure.csproj]
D:\SourceCode\Anti-g\B2B_V2\B2B_V2.Infrastructure\Data\ApplicationDbContext.cs(31,16): error CS0246: The type or namespace name 'DbSet<>' could not be found (are you missing a using directive or an assembly reference?) [D:\SourceCode\Anti-g\B2B_V2\B2B_V2.Infrastructure\B2B_V2.Infrastructure.csproj]
D:\SourceCode\Anti-g\B2B_V2\B2B_V2.Infrastructure\Data\ApplicationDbContext.cs(33,49): error CS0246: The type or namespace name 'ModelBuilder' could not be found (are you missing a using directive or an assembly reference?) [D:\SourceCode\Anti-g\B2B_V2\B2B_V2.Infrastructure\B2B_V2.Infrastructure.csproj]
    0 Warning(s)
    24 Error(s)

Time Elapsed 00:00:01.54
