Using project 'D:\SourceCode\Anti-g\B2B_V2\B2B_V2.Infrastructure\B2B_V2.Infrastructure.csproj'.
Using startup project 'D:\SourceCode\Anti-g\B2B_V2\B2B_V2.WebApi\B2B_V2.WebApi.csproj'.
dotnet msbuild /getProperty:ProjectName /getProperty:AssemblyName /getProperty:DesignAssembly /getProperty:Language /getProperty:OutputPath /getProperty:PlatformTarget /getProperty:ProjectAssetsFile /getProperty:ProjectDir /getProperty:RootNamespace /getProperty:RuntimeFrameworkVersion /getProperty:TargetFileName /getProperty:TargetFrameworkMoniker /getProperty:Nullable /getProperty:TargetFramework /getProperty:TargetPlatformIdentifier /getProperty:Platform /t:ResolvePackageAssets /getItem:RuntimeCopyLocalItems D:\SourceCode\Anti-g\B2B_V2\B2B_V2.Infrastructure\B2B_V2.Infrastructure.csproj
dotnet msbuild /getProperty:ProjectName /getProperty:AssemblyName /getProperty:DesignAssembly /getProperty:Language /getProperty:OutputPath /getProperty:PlatformTarget /getProperty:ProjectAssetsFile /getProperty:ProjectDir /getProperty:RootNamespace /getProperty:RuntimeFrameworkVersion /getProperty:TargetFileName /getProperty:TargetFrameworkMoniker /getProperty:Nullable /getProperty:TargetFramework /getProperty:TargetPlatformIdentifier /getProperty:Platform /t:ResolvePackageAssets /getItem:RuntimeCopyLocalItems D:\SourceCode\Anti-g\B2B_V2\B2B_V2.WebApi\B2B_V2.WebApi.csproj
Build started...
dotnet build D:\SourceCode\Anti-g\B2B_V2\B2B_V2.WebApi\B2B_V2.WebApi.csproj /verbosity:quiet /nologo /p:PublishAot=false

Build succeeded.
    0 Warning(s)
    0 Error(s)

Time Elapsed 00:00:01.25

Build succeeded.
dotnet exec --depsfile D:\SourceCode\Anti-g\B2B_V2\B2B_V2.WebApi\bin\Debug\net9.0\B2B_V2.WebApi.deps.json --additionalprobingpath C:\Users\saada\.nuget\packages --additionalprobingpath "C:\Program Files (x86)\Microsoft Visual Studio\Shared\NuGetPackages" --runtimeconfig D:\SourceCode\Anti-g\B2B_V2\B2B_V2.WebApi\bin\Debug\net9.0\B2B_V2.WebApi.runtimeconfig.json C:\Users\saada\.dotnet\tools\.store\dotnet-ef\10.0.2\dotnet-ef\10.0.2\tools\net8.0\any\tools\net8.0\any\ef.dll migrations add InitialCreate --assembly D:\SourceCode\Anti-g\B2B_V2\B2B_V2.WebApi\bin\Debug\net9.0\B2B_V2.Infrastructure.dll --project D:\SourceCode\Anti-g\B2B_V2\B2B_V2.Infrastructure\B2B_V2.Infrastructure.csproj --startup-assembly D:\SourceCode\Anti-g\B2B_V2\B2B_V2.WebApi\bin\Debug\net9.0\B2B_V2.WebApi.dll --startup-project D:\SourceCode\Anti-g\B2B_V2\B2B_V2.WebApi\B2B_V2.WebApi.csproj --project-dir D:\SourceCode\Anti-g\B2B_V2\B2B_V2.Infrastructure\ --root-namespace B2B_V2.Infrastructure --language C# --framework net9.0 --design-assembly C:\Users\saada\.nuget\packages\microsoft.entityframeworkcore.design\9.0.2\lib\net8.0\Microsoft.EntityFrameworkCore.Design.dll --nullable --working-dir D:\SourceCode\Anti-g\B2B_V2 --verbose
Using assembly 'B2B_V2.Infrastructure'.
Using startup assembly 'B2B_V2.WebApi'.
Using application base 'D:\SourceCode\Anti-g\B2B_V2\B2B_V2.WebApi\bin\Debug\net9.0'.
Using working directory 'D:\SourceCode\Anti-g\B2B_V2\B2B_V2.WebApi'.
Using root namespace 'B2B_V2.Infrastructure'.
Using project directory 'D:\SourceCode\Anti-g\B2B_V2\B2B_V2.Infrastructure\'.
Remaining arguments: .
Finding DbContext classes...
Using environment 'Development'.
Finding IDesignTimeDbContextFactory implementations...
Finding DbContext classes in the project...
Found DbContext 'ApplicationDbContext'.
Using DbContext factory 'ApplicationDbContextFactory'.
Using context 'ApplicationDbContext'.
Microsoft.EntityFrameworkCore.Design.OperationException: Unable to create a 'DbContext' of type 'ApplicationDbContext'. The exception 'The dependent side could not be determined for the one-to-one relationship between 'BankAccount.Provider' and 'Provider.BankAccount'. To identify the dependent side of the relationship, configure the foreign key property. If these navigations should not be part of the same relationship, configure them independently via separate method chains in 'OnModelCreating'. See https://go.microsoft.com/fwlink/?LinkId=724062 for more details.' was thrown while attempting to create an instance. For the different patterns supported at design time, see https://go.microsoft.com/fwlink/?linkid=851728
 ---> System.InvalidOperationException: The dependent side could not be determined for the one-to-one relationship between 'BankAccount.Provider' and 'Provider.BankAccount'. To identify the dependent side of the relationship, configure the foreign key property. If these navigations should not be part of the same relationship, configure them independently via separate method chains in 'OnModelCreating'. See https://go.microsoft.com/fwlink/?LinkId=724062 for more details.
   at Microsoft.EntityFrameworkCore.Infrastructure.ModelValidator.ValidateRelationships(IModel model, IDiagnosticsLogger`1 logger)
   at Microsoft.EntityFrameworkCore.Infrastructure.ModelValidator.Validate(IModel model, IDiagnosticsLogger`1 logger)
   at Microsoft.EntityFrameworkCore.Infrastructure.RelationalModelValidator.Validate(IModel model, IDiagnosticsLogger`1 logger)
   at Microsoft.EntityFrameworkCore.SqlServer.Infrastructure.Internal.SqlServerModelValidator.Validate(IModel model, IDiagnosticsLogger`1 logger)
   at Microsoft.EntityFrameworkCore.Infrastructure.ModelRuntimeInitializer.Initialize(IModel model, Boolean designTime, IDiagnosticsLogger`1 validationLogger)
   at Microsoft.EntityFrameworkCore.Infrastructure.ModelSource.CreateModel(DbContext context, ModelCreationDependencies modelCreationDependencies, Boolean designTime)
   at Microsoft.EntityFrameworkCore.Infrastructure.ModelSource.GetModel(DbContext context, ModelCreationDependencies modelCreationDependencies, Boolean designTime)
   at Microsoft.EntityFrameworkCore.Internal.DbContextServices.CreateModel(Boolean designTime)
   at Microsoft.EntityFrameworkCore.Internal.DbContextServices.get_Model()
   at Microsoft.EntityFrameworkCore.Infrastructure.EntityFrameworkServicesBuilder.<>c.<TryAddCoreServices>b__8_4(IServiceProvider p)
   at Microsoft.Extensions.DependencyInjection.ServiceLookup.CallSiteRuntimeResolver.VisitFactory(FactoryCallSite factoryCallSite, RuntimeResolverContext context)
   at Microsoft.Extensions.DependencyInjection.ServiceLookup.CallSiteVisitor`2.VisitCallSiteMain(ServiceCallSite callSite, TArgument argument)
   at Microsoft.Extensions.DependencyInjection.ServiceLookup.CallSiteRuntimeResolver.VisitCache(ServiceCallSite callSite, RuntimeResolverContext context, ServiceProviderEngineScope serviceProviderEngine, RuntimeResolverLock lockType)
   at Microsoft.Extensions.DependencyInjection.ServiceLookup.CallSiteRuntimeResolver.VisitScopeCache(ServiceCallSite callSite, RuntimeResolverContext context)
   at Microsoft.Extensions.DependencyInjection.ServiceLookup.CallSiteVisitor`2.VisitCallSite(ServiceCallSite callSite, TArgument argument)
   at Microsoft.Extensions.DependencyInjection.ServiceLookup.CallSiteRuntimeResolver.VisitConstructor(ConstructorCallSite constructorCallSite, RuntimeResolverContext context)
   at Microsoft.Extensions.DependencyInjection.ServiceLookup.CallSiteVisitor`2.VisitCallSiteMain(ServiceCallSite callSite, TArgument argument)
   at Microsoft.Extensions.DependencyInjection.ServiceLookup.CallSiteRuntimeResolver.VisitCache(ServiceCallSite callSite, RuntimeResolverContext context, ServiceProviderEngineScope serviceProviderEngine, RuntimeResolverLock lockType)
   at Microsoft.Extensions.DependencyInjection.ServiceLookup.CallSiteRuntimeResolver.VisitScopeCache(ServiceCallSite callSite, RuntimeResolverContext context)
   at Microsoft.Extensions.DependencyInjection.ServiceLookup.CallSiteVisitor`2.VisitCallSite(ServiceCallSite callSite, TArgument argument)
   at Microsoft.Extensions.DependencyInjection.ServiceLookup.CallSiteRuntimeResolver.VisitConstructor(ConstructorCallSite constructorCallSite, RuntimeResolverContext context)
   at Microsoft.Extensions.DependencyInjection.ServiceLookup.CallSiteVisitor`2.VisitCallSiteMain(ServiceCallSite callSite, TArgument argument)
   at Microsoft.Extensions.DependencyInjection.ServiceLookup.CallSiteRuntimeResolver.VisitCache(ServiceCallSite callSite, RuntimeResolverContext context, ServiceProviderEngineScope serviceProviderEngine, RuntimeResolverLock lockType)
   at Microsoft.Extensions.DependencyInjection.ServiceLookup.CallSiteRuntimeResolver.VisitScopeCache(ServiceCallSite callSite, RuntimeResolverContext context)
   at Microsoft.Extensions.DependencyInjection.ServiceLookup.CallSiteVisitor`2.VisitCallSite(ServiceCallSite callSite, TArgument argument)
   at Microsoft.Extensions.DependencyInjection.ServiceLookup.CallSiteRuntimeResolver.VisitConstructor(ConstructorCallSite constructorCallSite, RuntimeResolverContext context)
   at Microsoft.Extensions.DependencyInjection.ServiceLookup.CallSiteVisitor`2.VisitCallSiteMain(ServiceCallSite callSite, TArgument argument)
   at Microsoft.Extensions.DependencyInjection.ServiceLookup.CallSiteRuntimeResolver.VisitCache(ServiceCallSite callSite, RuntimeResolverContext context, ServiceProviderEngineScope serviceProviderEngine, RuntimeResolverLock lockType)
   at Microsoft.Extensions.DependencyInjection.ServiceLookup.CallSiteRuntimeResolver.VisitScopeCache(ServiceCallSite callSite, RuntimeResolverContext context)
   at Microsoft.Extensions.DependencyInjection.ServiceLookup.CallSiteVisitor`2.VisitCallSite(ServiceCallSite callSite, TArgument argument)
   at Microsoft.Extensions.DependencyInjection.ServiceLookup.CallSiteRuntimeResolver.VisitConstructor(ConstructorCallSite constructorCallSite, RuntimeResolverContext context)
   at Microsoft.Extensions.DependencyInjection.ServiceLookup.CallSiteVisitor`2.VisitCallSiteMain(ServiceCallSite callSite, TArgument argument)
   at Microsoft.Extensions.DependencyInjection.ServiceLookup.CallSiteRuntimeResolver.VisitCache(ServiceCallSite callSite, RuntimeResolverContext context, ServiceProviderEngineScope serviceProviderEngine, RuntimeResolverLock lockType)
   at Microsoft.Extensions.DependencyInjection.ServiceLookup.CallSiteRuntimeResolver.VisitScopeCache(ServiceCallSite callSite, RuntimeResolverContext context)
   at Microsoft.Extensions.DependencyInjection.ServiceLookup.CallSiteVisitor`2.VisitCallSite(ServiceCallSite callSite, TArgument argument)
   at Microsoft.Extensions.DependencyInjection.ServiceLookup.CallSiteRuntimeResolver.VisitConstructor(ConstructorCallSite constructorCallSite, RuntimeResolverContext context)
   at Microsoft.Extensions.DependencyInjection.ServiceLookup.CallSiteVisitor`2.VisitCallSiteMain(ServiceCallSite callSite, TArgument argument)
   at Microsoft.Extensions.DependencyInjection.ServiceLookup.CallSiteRuntimeResolver.VisitCache(ServiceCallSite callSite, RuntimeResolverContext context, ServiceProviderEngineScope serviceProviderEngine, RuntimeResolverLock lockType)
   at Microsoft.Extensions.DependencyInjection.ServiceLookup.CallSiteRuntimeResolver.VisitScopeCache(ServiceCallSite callSite, RuntimeResolverContext context)
   at Microsoft.Extensions.DependencyInjection.ServiceLookup.CallSiteVisitor`2.VisitCallSite(ServiceCallSite callSite, TArgument argument)
   at Microsoft.Extensions.DependencyInjection.ServiceLookup.CallSiteRuntimeResolver.Resolve(ServiceCallSite callSite, ServiceProviderEngineScope scope)
   at Microsoft.Extensions.DependencyInjection.ServiceLookup.DynamicServiceProviderEngine.<>c__DisplayClass2_0.<RealizeService>b__0(ServiceProviderEngineScope scope)
   at Microsoft.Extensions.DependencyInjection.ServiceProvider.GetService(ServiceIdentifier serviceIdentifier, ServiceProviderEngineScope serviceProviderEngineScope)
   at Microsoft.Extensions.DependencyInjection.ServiceLookup.ServiceProviderEngineScope.GetService(Type serviceType)
   at Microsoft.Extensions.DependencyInjection.ServiceProviderServiceExtensions.GetRequiredService(IServiceProvider provider, Type serviceType)
   at Microsoft.Extensions.DependencyInjection.ServiceProviderServiceExtensions.GetRequiredService[T](IServiceProvider provider)
   at Microsoft.EntityFrameworkCore.DbContext.get_DbContextDependencies()
   at Microsoft.EntityFrameworkCore.DbContext.get_ContextServices()
   at Microsoft.EntityFrameworkCore.DbContext.get_InternalServiceProvider()
   at Microsoft.EntityFrameworkCore.DbContext.Microsoft.EntityFrameworkCore.Infrastructure.IInfrastructure<System.IServiceProvider>.get_Instance()
   at Microsoft.EntityFrameworkCore.Infrastructure.Internal.InfrastructureExtensions.GetService(IInfrastructure`1 accessor, Type serviceType)
   at Microsoft.EntityFrameworkCore.Infrastructure.Internal.InfrastructureExtensions.GetService[TService](IInfrastructure`1 accessor)
   at Microsoft.EntityFrameworkCore.Infrastructure.AccessorExtensions.GetService[TService](IInfrastructure`1 accessor)
   at Microsoft.EntityFrameworkCore.Design.Internal.DbContextOperations.CreateContext(String contextType, KeyValuePair`2 contextPair)
   --- End of inner exception stack trace ---
   at Microsoft.EntityFrameworkCore.Design.Internal.DbContextOperations.CreateContext(String contextType, KeyValuePair`2 contextPair)
   at Microsoft.EntityFrameworkCore.Design.Internal.DbContextOperations.CreateContext(String contextType)
   at Microsoft.EntityFrameworkCore.Design.Internal.MigrationsOperations.AddMigration(String name, String outputDir, String contextType, String namespace, Boolean dryRun)
   at Microsoft.EntityFrameworkCore.Design.OperationExecutor.AddMigrationImpl(String name, String outputDir, String contextType, String namespace, Boolean dryRun)
   at Microsoft.EntityFrameworkCore.Design.OperationExecutor.AddMigration.<>c__DisplayClass0_0.<.ctor>b__0()
   at Microsoft.EntityFrameworkCore.Design.OperationExecutor.OperationBase.<>c__DisplayClass3_0`1.<Execute>b__0()
   at Microsoft.EntityFrameworkCore.Design.OperationExecutor.OperationBase.Execute(Action action)
Unable to create a 'DbContext' of type 'ApplicationDbContext'. The exception 'The dependent side could not be determined for the one-to-one relationship between 'BankAccount.Provider' and 'Provider.BankAccount'. To identify the dependent side of the relationship, configure the foreign key property. If these navigations should not be part of the same relationship, configure them independently via separate method chains in 'OnModelCreating'. See https://go.microsoft.com/fwlink/?LinkId=724062 for more details.' was thrown while attempting to create an instance. For the different patterns supported at design time, see https://go.microsoft.com/fwlink/?linkid=851728
