   3:8>D:\SourceCode\Anti-g\B2B_V2\B2B_V2.Application\Services\CaseService.cs(47,44): error CS0117: 'RequestStatus' does not contain a definition for 'InReview' [D:\SourceCode\Anti-g\B2B_V2\B2B_V2.Application\B2B_V2.Application.csproj]
   3:8>D:\SourceCode\Anti-g\B2B_V2\B2B_V2.Application\Services\CaseService.cs(75,59): error CS0117: 'RequestStatus' does not contain a definition for 'Completed' [D:\SourceCode\Anti-g\B2B_V2\B2B_V2.Application\B2B_V2.Application.csproj]
   3:8>D:\SourceCode\Anti-g\B2B_V2\B2B_V2.Application\Services\CaseService.cs(97,31): error CS0117: 'RequestStatus' does not contain a definition for 'Assigned' [D:\SourceCode\Anti-g\B2B_V2\B2B_V2.Application\B2B_V2.Application.csproj]
   3:8>D:\SourceCode\Anti-g\B2B_V2\B2B_V2.Application\Services\CaseService.cs(98,31): error CS0117: 'RequestStatus' does not contain a definition for 'CandidateArrived' [D:\SourceCode\Anti-g\B2B_V2\B2B_V2.Application\B2B_V2.Application.csproj]
   3:8>D:\SourceCode\Anti-g\B2B_V2\B2B_V2.Application\Services\CaseService.cs(99,31): error CS0117: 'RequestStatus' does not contain a definition for 'UnderTesting' [D:\SourceCode\Anti-g\B2B_V2\B2B_V2.Application\B2B_V2.Application.csproj]
   3:8>D:\SourceCode\Anti-g\B2B_V2\B2B_V2.Application\Services\CaseService.cs(100,31): error CS0117: 'RequestStatus' does not contain a definition for 'LabProcessing' [D:\SourceCode\Anti-g\B2B_V2\B2B_V2.Application\B2B_V2.Application.csproj]
   3:8>D:\SourceCode\Anti-g\B2B_V2\B2B_V2.Application\Services\CaseService.cs(101,31): error CS0117: 'RequestStatus' does not contain a definition for 'ReportReady' [D:\SourceCode\Anti-g\B2B_V2\B2B_V2.Application\B2B_V2.Application.csproj]
   3:8>D:\SourceCode\Anti-g\B2B_V2\B2B_V2.Application\Services\CaseService.cs(105,78): error CS1929: '?[]' does not contain a definition for 'Contains' and the best extension method overload 'MemoryExtensions.Contains<RequestStatus>(ReadOnlySpan<RequestStatus>, RequestStatus)' requires a receiver of type 'System.ReadOnlySpan<B2B_V2.Domain.Enums.RequestStatus>' [D:\SourceCode\Anti-g\B2B_V2\B2B_V2.Application\B2B_V2.Application.csproj]
   3:8>D:\SourceCode\Anti-g\B2B_V2\B2B_V2.Application\Services\PatientFlowService.cs(29,44): error CS0117: 'RequestStatus' does not contain a definition for 'Assigned' [D:\SourceCode\Anti-g\B2B_V2\B2B_V2.Application\B2B_V2.Application.csproj]
   3:8>D:\SourceCode\Anti-g\B2B_V2\B2B_V2.Application\Services\PatientFlowService.cs(51,86): error CS0117: 'RequestStatus' does not contain a definition for 'CandidateArrived' [D:\SourceCode\Anti-g\B2B_V2\B2B_V2.Application\B2B_V2.Application.csproj]
   3:8>D:\SourceCode\Anti-g\B2B_V2\B2B_V2.Application\Services\CaseService.cs(113,71): error CS0117: 'RequestStatus' does not contain a definition for 'InReview' [D:\SourceCode\Anti-g\B2B_V2\B2B_V2.Application\B2B_V2.Application.csproj]
   3:8>D:\SourceCode\Anti-g\B2B_V2\B2B_V2.Application\Services\PatientFlowService.cs(64,79): error CS0117: 'RequestStatus' does not contain a definition for 'CandidateArrived' [D:\SourceCode\Anti-g\B2B_V2\B2B_V2.Application\B2B_V2.Application.csproj]
   3:8>D:\SourceCode\Anti-g\B2B_V2\B2B_V2.Application\Services\PatientFlowService.cs(65,81): error CS0117: 'RequestStatus' does not contain a definition for 'UnderTesting' [D:\SourceCode\Anti-g\B2B_V2\B2B_V2.Application\B2B_V2.Application.csproj]
   3:8>D:\SourceCode\Anti-g\B2B_V2\B2B_V2.Application\Services\PatientFlowService.cs(65,123): error CS0117: 'RequestStatus' does not contain a definition for 'LabProcessing' [D:\SourceCode\Anti-g\B2B_V2\B2B_V2.Application\B2B_V2.Application.csproj]
   3:8>D:\SourceCode\Anti-g\B2B_V2\B2B_V2.Application\Services\CaseService.cs(127,31): error CS0117: 'RequestStatus' does not contain a definition for 'Assigned' [D:\SourceCode\Anti-g\B2B_V2\B2B_V2.Application\B2B_V2.Application.csproj]
   3:8>D:\SourceCode\Anti-g\B2B_V2\B2B_V2.Application\Services\CaseService.cs(128,31): error CS0117: 'RequestStatus' does not contain a definition for 'CandidateArrived' [D:\SourceCode\Anti-g\B2B_V2\B2B_V2.Application\B2B_V2.Application.csproj]
   3:8>D:\SourceCode\Anti-g\B2B_V2\B2B_V2.Application\Services\CaseService.cs(129,31): error CS0117: 'RequestStatus' does not contain a definition for 'UnderTesting' [D:\SourceCode\Anti-g\B2B_V2\B2B_V2.Application\B2B_V2.Application.csproj]
   3:8>D:\SourceCode\Anti-g\B2B_V2\B2B_V2.Application\Services\CaseService.cs(130,31): error CS0117: 'RequestStatus' does not contain a definition for 'LabProcessing' [D:\SourceCode\Anti-g\B2B_V2\B2B_V2.Application\B2B_V2.Application.csproj]
   3:8>D:\SourceCode\Anti-g\B2B_V2\B2B_V2.Application\Services\CaseService.cs(131,31): error CS0117: 'RequestStatus' does not contain a definition for 'ReportReady' [D:\SourceCode\Anti-g\B2B_V2\B2B_V2.Application\B2B_V2.Application.csproj]
   3:8>D:\SourceCode\Anti-g\B2B_V2\B2B_V2.Application\Services\CaseService.cs(135,40): error CS1929: '?[]' does not contain a definition for 'Contains' and the best extension method overload 'MemoryExtensions.Contains<RequestStatus>(ReadOnlySpan<RequestStatus>, RequestStatus)' requires a receiver of type 'System.ReadOnlySpan<B2B_V2.Domain.Enums.RequestStatus>' [D:\SourceCode\Anti-g\B2B_V2\B2B_V2.Application\B2B_V2.Application.csproj]
   3:8>D:\SourceCode\Anti-g\B2B_V2\B2B_V2.Application\Services\CaseService.cs(142,31): error CS0117: 'RequestStatus' does not contain a definition for 'Completed' [D:\SourceCode\Anti-g\B2B_V2\B2B_V2.Application\B2B_V2.Application.csproj]
   3:8>D:\SourceCode\Anti-g\B2B_V2\B2B_V2.Application\Services\CaseService.cs(155,46): error CS1929: '?[]' does not contain a definition for 'Contains' and the best extension method overload 'MemoryExtensions.Contains<RequestStatus>(ReadOnlySpan<RequestStatus>, RequestStatus)' requires a receiver of type 'System.ReadOnlySpan<B2B_V2.Domain.Enums.RequestStatus>' [D:\SourceCode\Anti-g\B2B_V2\B2B_V2.Application\B2B_V2.Application.csproj]
   3:8>D:\SourceCode\Anti-g\B2B_V2\B2B_V2.Application\Services\FinancialService.cs(143,44): error CS0117: 'RequestStatus' does not contain a definition for 'ReportReady' [D:\SourceCode\Anti-g\B2B_V2\B2B_V2.Application\B2B_V2.Application.csproj]
   3:8>D:\SourceCode\Anti-g\B2B_V2\B2B_V2.Application\Services\FinancialService.cs(143,85): error CS0117: 'RequestStatus' does not contain a definition for 'Completed' [D:\SourceCode\Anti-g\B2B_V2\B2B_V2.Application\B2B_V2.Application.csproj]
   3:8>D:\SourceCode\Anti-g\B2B_V2\B2B_V2.Application\Services\CaseService.cs(177,41): error CS0117: 'RequestStatus' does not contain a definition for 'CandidateArrived' [D:\SourceCode\Anti-g\B2B_V2\B2B_V2.Application\B2B_V2.Application.csproj]
   3:8>D:\SourceCode\Anti-g\B2B_V2\B2B_V2.Application\Services\CaseService.cs(177,93): error CS0117: 'RequestStatus' does not contain a definition for 'CandidateArrived' [D:\SourceCode\Anti-g\B2B_V2\B2B_V2.Application\B2B_V2.Application.csproj]
   3:8>D:\SourceCode\Anti-g\B2B_V2\B2B_V2.Application\Services\CaseService.cs(181,46): error CS0117: 'RequestStatus' does not contain a definition for 'UnderTesting' [D:\SourceCode\Anti-g\B2B_V2\B2B_V2.Application\B2B_V2.Application.csproj]
   3:8>D:\SourceCode\Anti-g\B2B_V2\B2B_V2.Application\Services\CaseService.cs(181,94): error CS0117: 'RequestStatus' does not contain a definition for 'UnderTesting' [D:\SourceCode\Anti-g\B2B_V2\B2B_V2.Application\B2B_V2.Application.csproj]
   3:8>D:\SourceCode\Anti-g\B2B_V2\B2B_V2.Application\Services\CaseService.cs(185,46): error CS0117: 'RequestStatus' does not contain a definition for 'LabProcessing' [D:\SourceCode\Anti-g\B2B_V2\B2B_V2.Application\B2B_V2.Application.csproj]
   3:8>D:\SourceCode\Anti-g\B2B_V2\B2B_V2.Application\Services\CaseService.cs(185,95): error CS0117: 'RequestStatus' does not contain a definition for 'LabProcessing' [D:\SourceCode\Anti-g\B2B_V2\B2B_V2.Application\B2B_V2.Application.csproj]
   3:8>D:\SourceCode\Anti-g\B2B_V2\B2B_V2.Application\Services\CaseService.cs(189,46): error CS0117: 'RequestStatus' does not contain a definition for 'ReportReady' [D:\SourceCode\Anti-g\B2B_V2\B2B_V2.Application\B2B_V2.Application.csproj]
   3:8>D:\SourceCode\Anti-g\B2B_V2\B2B_V2.Application\Services\CaseService.cs(189,93): error CS0117: 'RequestStatus' does not contain a definition for 'ReportReady' [D:\SourceCode\Anti-g\B2B_V2\B2B_V2.Application\B2B_V2.Application.csproj]
   3:8>D:\SourceCode\Anti-g\B2B_V2\B2B_V2.Application\Services\DashboardService.cs(37,81): error CS0117: 'RequestStatus' does not contain a definition for 'UnderTesting' [D:\SourceCode\Anti-g\B2B_V2\B2B_V2.Application\B2B_V2.Application.csproj]
   3:8>D:\SourceCode\Anti-g\B2B_V2\B2B_V2.Application\Services\DashboardService.cs(38,81): error CS0117: 'RequestStatus' does not contain a definition for 'ReportReady' [D:\SourceCode\Anti-g\B2B_V2\B2B_V2.Application\B2B_V2.Application.csproj]
   3:8>D:\SourceCode\Anti-g\B2B_V2\B2B_V2.Application\Services\DashboardService.cs(49,83): error CS0117: 'RequestStatus' does not contain a definition for 'Completed' [D:\SourceCode\Anti-g\B2B_V2\B2B_V2.Application\B2B_V2.Application.csproj]
   3:8>D:\SourceCode\Anti-g\B2B_V2\B2B_V2.Application\Services\DashboardService.cs(49,122): error CS0117: 'RequestStatus' does not contain a definition for 'ReportReady' [D:\SourceCode\Anti-g\B2B_V2\B2B_V2.Application\B2B_V2.Application.csproj]
   3:8>D:\SourceCode\Anti-g\B2B_V2\B2B_V2.Application\Services\DashboardService.cs(93,83): error CS0117: 'RequestStatus' does not contain a definition for 'ReportReady' [D:\SourceCode\Anti-g\B2B_V2\B2B_V2.Application\B2B_V2.Application.csproj]
   3:8>D:\SourceCode\Anti-g\B2B_V2\B2B_V2.Application\Services\DashboardService.cs(93,124): error CS0117: 'RequestStatus' does not contain a definition for 'Completed' [D:\SourceCode\Anti-g\B2B_V2\B2B_V2.Application\B2B_V2.Application.csproj]
