  Determining projects to restore...
  All projects are up-to-date for restore.
  B2B_V2.Domain -> D:\SourceCode\Anti-g\B2B_V2\B2B_V2.Domain\bin\Debug\net9.0\B2B_V2.Domain.dll
D:\SourceCode\Anti-g\B2B_V2\B2B_V2.Application\DTOs\DashboardDto.cs(8,34): warning CS8618: Non-nullable property 'Stats' must contain a non-null value when exiting constructor. Consider adding the 'required' modifier or declaring the property as nullable. [D:\SourceCode\Anti-g\B2B_V2\B2B_V2.Application\B2B_V2.Application.csproj]
D:\SourceCode\Anti-g\B2B_V2\B2B_V2.Application\DTOs\DashboardDto.cs(9,42): warning CS8618: Non-nullable property 'RecentRequests' must contain a non-null value when exiting constructor. Consider adding the 'required' modifier or declaring the property as nullable. [D:\SourceCode\Anti-g\B2B_V2\B2B_V2.Application\B2B_V2.Application.csproj]
D:\SourceCode\Anti-g\B2B_V2\B2B_V2.Application\DTOs\DashboardDto.cs(10,42): warning CS8618: Non-nullable property 'AIInsights' must contain a non-null value when exiting constructor. Consider adding the 'required' modifier or declaring the property as nullable. [D:\SourceCode\Anti-g\B2B_V2\B2B_V2.Application\B2B_V2.Application.csproj]
D:\SourceCode\Anti-g\B2B_V2\B2B_V2.Application\Services\DashboardService.cs(47,45): error CS1061: 'Company' does not contain a definition for 'CompanyName' and no accessible extension method 'CompanyName' accepting a first argument of type 'Company' could be found (are you missing a using directive or an assembly reference?) [D:\SourceCode\Anti-g\B2B_V2\B2B_V2.Application\B2B_V2.Application.csproj]
D:\SourceCode\Anti-g\B2B_V2\B2B_V2.Application\DTOs\DashboardDto.cs(23,23): warning CS8618: Non-nullable property 'CaseId' must contain a non-null value when exiting constructor. Consider adding the 'required' modifier or declaring the property as nullable. [D:\SourceCode\Anti-g\B2B_V2\B2B_V2.Application\B2B_V2.Application.csproj]
D:\SourceCode\Anti-g\B2B_V2\B2B_V2.Application\DTOs\DashboardDto.cs(24,23): warning CS8618: Non-nullable property 'CandidateName' must contain a non-null value when exiting constructor. Consider adding the 'required' modifier or declaring the property as nullable. [D:\SourceCode\Anti-g\B2B_V2\B2B_V2.Application\B2B_V2.Application.csproj]
D:\SourceCode\Anti-g\B2B_V2\B2B_V2.Application\DTOs\DashboardDto.cs(25,23): warning CS8618: Non-nullable property 'CompanyName' must contain a non-null value when exiting constructor. Consider adding the 'required' modifier or declaring the property as nullable. [D:\SourceCode\Anti-g\B2B_V2\B2B_V2.Application\B2B_V2.Application.csproj]
D:\SourceCode\Anti-g\B2B_V2\B2B_V2.Application\DTOs\DashboardDto.cs(26,23): warning CS8618: Non-nullable property 'Status' must contain a non-null value when exiting constructor. Consider adding the 'required' modifier or declaring the property as nullable. [D:\SourceCode\Anti-g\B2B_V2\B2B_V2.Application\B2B_V2.Application.csproj]
D:\SourceCode\Anti-g\B2B_V2\B2B_V2.Application\DTOs\DashboardDto.cs(32,23): warning CS8618: Non-nullable property 'Header' must contain a non-null value when exiting constructor. Consider adding the 'required' modifier or declaring the property as nullable. [D:\SourceCode\Anti-g\B2B_V2\B2B_V2.Application\B2B_V2.Application.csproj]
D:\SourceCode\Anti-g\B2B_V2\B2B_V2.Application\DTOs\DashboardDto.cs(33,23): warning CS8618: Non-nullable property 'Value' must contain a non-null value when exiting constructor. Consider adding the 'required' modifier or declaring the property as nullable. [D:\SourceCode\Anti-g\B2B_V2\B2B_V2.Application\B2B_V2.Application.csproj]
D:\SourceCode\Anti-g\B2B_V2\B2B_V2.Application\DTOs\DashboardDto.cs(34,23): warning CS8618: Non-nullable property 'Description' must contain a non-null value when exiting constructor. Consider adding the 'required' modifier or declaring the property as nullable. [D:\SourceCode\Anti-g\B2B_V2\B2B_V2.Application\B2B_V2.Application.csproj]
D:\SourceCode\Anti-g\B2B_V2\B2B_V2.Application\DTOs\DashboardDto.cs(35,23): warning CS8618: Non-nullable property 'Icon' must contain a non-null value when exiting constructor. Consider adding the 'required' modifier or declaring the property as nullable. [D:\SourceCode\Anti-g\B2B_V2\B2B_V2.Application\B2B_V2.Application.csproj]
D:\SourceCode\Anti-g\B2B_V2\B2B_V2.Application\DTOs\DashboardDto.cs(36,23): warning CS8618: Non-nullable property 'ColorClass' must contain a non-null value when exiting constructor. Consider adding the 'required' modifier or declaring the property as nullable. [D:\SourceCode\Anti-g\B2B_V2\B2B_V2.Application\B2B_V2.Application.csproj]

Build FAILED.

D:\SourceCode\Anti-g\B2B_V2\B2B_V2.Application\DTOs\DashboardDto.cs(8,34): warning CS8618: Non-nullable property 'Stats' must contain a non-null value when exiting constructor. Consider adding the 'required' modifier or declaring the property as nullable. [D:\SourceCode\Anti-g\B2B_V2\B2B_V2.Application\B2B_V2.Application.csproj]
D:\SourceCode\Anti-g\B2B_V2\B2B_V2.Application\DTOs\DashboardDto.cs(9,42): warning CS8618: Non-nullable property 'RecentRequests' must contain a non-null value when exiting constructor. Consider adding the 'required' modifier or declaring the property as nullable. [D:\SourceCode\Anti-g\B2B_V2\B2B_V2.Application\B2B_V2.Application.csproj]
D:\SourceCode\Anti-g\B2B_V2\B2B_V2.Application\DTOs\DashboardDto.cs(10,42): warning CS8618: Non-nullable property 'AIInsights' must contain a non-null value when exiting constructor. Consider adding the 'required' modifier or declaring the property as nullable. [D:\SourceCode\Anti-g\B2B_V2\B2B_V2.Application\B2B_V2.Application.csproj]
D:\SourceCode\Anti-g\B2B_V2\B2B_V2.Application\DTOs\DashboardDto.cs(23,23): warning CS8618: Non-nullable property 'CaseId' must contain a non-null value when exiting constructor. Consider adding the 'required' modifier or declaring the property as nullable. [D:\SourceCode\Anti-g\B2B_V2\B2B_V2.Application\B2B_V2.Application.csproj]
D:\SourceCode\Anti-g\B2B_V2\B2B_V2.Application\DTOs\DashboardDto.cs(24,23): warning CS8618: Non-nullable property 'CandidateName' must contain a non-null value when exiting constructor. Consider adding the 'required' modifier or declaring the property as nullable. [D:\SourceCode\Anti-g\B2B_V2\B2B_V2.Application\B2B_V2.Application.csproj]
D:\SourceCode\Anti-g\B2B_V2\B2B_V2.Application\DTOs\DashboardDto.cs(25,23): warning CS8618: Non-nullable property 'CompanyName' must contain a non-null value when exiting constructor. Consider adding the 'required' modifier or declaring the property as nullable. [D:\SourceCode\Anti-g\B2B_V2\B2B_V2.Application\B2B_V2.Application.csproj]
D:\SourceCode\Anti-g\B2B_V2\B2B_V2.Application\DTOs\DashboardDto.cs(26,23): warning CS8618: Non-nullable property 'Status' must contain a non-null value when exiting constructor. Consider adding the 'required' modifier or declaring the property as nullable. [D:\SourceCode\Anti-g\B2B_V2\B2B_V2.Application\B2B_V2.Application.csproj]
D:\SourceCode\Anti-g\B2B_V2\B2B_V2.Application\DTOs\DashboardDto.cs(32,23): warning CS8618: Non-nullable property 'Header' must contain a non-null value when exiting constructor. Consider adding the 'required' modifier or declaring the property as nullable. [D:\SourceCode\Anti-g\B2B_V2\B2B_V2.Application\B2B_V2.Application.csproj]
D:\SourceCode\Anti-g\B2B_V2\B2B_V2.Application\DTOs\DashboardDto.cs(33,23): warning CS8618: Non-nullable property 'Value' must contain a non-null value when exiting constructor. Consider adding the 'required' modifier or declaring the property as nullable. [D:\SourceCode\Anti-g\B2B_V2\B2B_V2.Application\B2B_V2.Application.csproj]
D:\SourceCode\Anti-g\B2B_V2\B2B_V2.Application\DTOs\DashboardDto.cs(34,23): warning CS8618: Non-nullable property 'Description' must contain a non-null value when exiting constructor. Consider adding the 'required' modifier or declaring the property as nullable. [D:\SourceCode\Anti-g\B2B_V2\B2B_V2.Application\B2B_V2.Application.csproj]
D:\SourceCode\Anti-g\B2B_V2\B2B_V2.Application\DTOs\DashboardDto.cs(35,23): warning CS8618: Non-nullable property 'Icon' must contain a non-null value when exiting constructor. Consider adding the 'required' modifier or declaring the property as nullable. [D:\SourceCode\Anti-g\B2B_V2\B2B_V2.Application\B2B_V2.Application.csproj]
D:\SourceCode\Anti-g\B2B_V2\B2B_V2.Application\DTOs\DashboardDto.cs(36,23): warning CS8618: Non-nullable property 'ColorClass' must contain a non-null value when exiting constructor. Consider adding the 'required' modifier or declaring the property as nullable. [D:\SourceCode\Anti-g\B2B_V2\B2B_V2.Application\B2B_V2.Application.csproj]
D:\SourceCode\Anti-g\B2B_V2\B2B_V2.Application\Services\DashboardService.cs(47,45): error CS1061: 'Company' does not contain a definition for 'CompanyName' and no accessible extension method 'CompanyName' accepting a first argument of type 'Company' could be found (are you missing a using directive or an assembly reference?) [D:\SourceCode\Anti-g\B2B_V2\B2B_V2.Application\B2B_V2.Application.csproj]
    12 Warning(s)
    1 Error(s)

Time Elapsed 00:00:01.31
