
> client-app@0.0.0 build
> ng build

[33m❯[39m Building...
[32m✔[39m Building...
Application bundle generation failed. [2.307 seconds] - 2026-01-23T18:58:17.363Z

[1m[33m[33m▲ [43;33m[[43;30mWARNING[43;33m][0m [1mDeprecation[0m [1m[35m[plugin angular-sass][0m

    src/styles.scss:1:8:
[37m      1 │ @import [32m[37m'bootstrap/scss/bootstrap';
        ╵         [32m^[0m


  Sass @import rules are deprecated and will be removed in Dart Sass 3.0.0.
  
  More info and automated migrator: [4mhttps://sass-lang.com/d/import[0m

  The plugin "angular-sass" was triggered by this import

    angular:styles/global:styles:1:8:
[37m      1 │ @import [32m'src/styles.scss'[37m;
        ╵         [32m~~~~~~~~~~~~~~~~~[0m

[39m[22m
[1m[31m[31mX [41;31m[[41;97mERROR[41;31m][0m [1mNG2008: Could not find stylesheet file './case-review.component.scss'.[0m [1m[35m[plugin angular-compiler][0m

    src/app/features/admin/case-review/case-review.component.ts:11:16:
[37m      11 │     styleUrls: [[32m'./case-review.component.scss'[37m]
         ╵                 [32m~~~~~~~~~~~~~~~~~~~~~~~~~~~~~~[0m


[31mX [41;31m[[41;97mERROR[41;31m][0m [1mNG2008: Could not find stylesheet file './financial-overview.component.scss'.[0m [1m[35m[plugin angular-compiler][0m

    src/app/features/reports/financial-overview/financial-overview.component.ts:10:16:
[37m      10 │     styleUrls: [[32m'./financial-overview.component.scss'[37m]
         ╵                 [32m~~~~~~~~~~~~~~~~~~~~~~~~~~~~~~~~~~~~~[0m

[39m[22m
